Archive member included to satisfy reference by file (symbol)

c:/st/stm32cubeide_1.5.0/stm32cubeide/plugins/com.st.stm32cube.ide.mcu.externaltools.gnu-tools-for-stm32.9-2020-q2-update.win32_1.5.0.202011040924/tools/bin/../lib/gcc/arm-none-eabi/9.3.1/../../../../arm-none-eabi/lib/thumb/v7e-m+fp/hard\libc_nano.a(lib_a-errno.o)
                              Core/Src/syscalls.o (__errno)
c:/st/stm32cubeide_1.5.0/stm32cubeide/plugins/com.st.stm32cube.ide.mcu.externaltools.gnu-tools-for-stm32.9-2020-q2-update.win32_1.5.0.202011040924/tools/bin/../lib/gcc/arm-none-eabi/9.3.1/../../../../arm-none-eabi/lib/thumb/v7e-m+fp/hard\libc_nano.a(lib_a-exit.o)
                              c:/st/stm32cubeide_1.5.0/stm32cubeide/plugins/com.st.stm32cube.ide.mcu.externaltools.gnu-tools-for-stm32.9-2020-q2-update.win32_1.5.0.202011040924/tools/bin/../lib/gcc/arm-none-eabi/9.3.1/../../../../arm-none-eabi/lib/thumb/v7e-m+fp/hard/crt0.o (exit)
c:/st/stm32cubeide_1.5.0/stm32cubeide/plugins/com.st.stm32cube.ide.mcu.externaltools.gnu-tools-for-stm32.9-2020-q2-update.win32_1.5.0.202011040924/tools/bin/../lib/gcc/arm-none-eabi/9.3.1/../../../../arm-none-eabi/lib/thumb/v7e-m+fp/hard\libc_nano.a(lib_a-impure.o)
                              c:/st/stm32cubeide_1.5.0/stm32cubeide/plugins/com.st.stm32cube.ide.mcu.externaltools.gnu-tools-for-stm32.9-2020-q2-update.win32_1.5.0.202011040924/tools/bin/../lib/gcc/arm-none-eabi/9.3.1/../../../../arm-none-eabi/lib/thumb/v7e-m+fp/hard\libc_nano.a(lib_a-exit.o) (_global_impure_ptr)
c:/st/stm32cubeide_1.5.0/stm32cubeide/plugins/com.st.stm32cube.ide.mcu.externaltools.gnu-tools-for-stm32.9-2020-q2-update.win32_1.5.0.202011040924/tools/bin/../lib/gcc/arm-none-eabi/9.3.1/../../../../arm-none-eabi/lib/thumb/v7e-m+fp/hard\libc_nano.a(lib_a-init.o)
                              c:/st/stm32cubeide_1.5.0/stm32cubeide/plugins/com.st.stm32cube.ide.mcu.externaltools.gnu-tools-for-stm32.9-2020-q2-update.win32_1.5.0.202011040924/tools/bin/../lib/gcc/arm-none-eabi/9.3.1/../../../../arm-none-eabi/lib/thumb/v7e-m+fp/hard/crt0.o (__libc_init_array)
c:/st/stm32cubeide_1.5.0/stm32cubeide/plugins/com.st.stm32cube.ide.mcu.externaltools.gnu-tools-for-stm32.9-2020-q2-update.win32_1.5.0.202011040924/tools/bin/../lib/gcc/arm-none-eabi/9.3.1/../../../../arm-none-eabi/lib/thumb/v7e-m+fp/hard\libc_nano.a(lib_a-memset.o)
                              c:/st/stm32cubeide_1.5.0/stm32cubeide/plugins/com.st.stm32cube.ide.mcu.externaltools.gnu-tools-for-stm32.9-2020-q2-update.win32_1.5.0.202011040924/tools/bin/../lib/gcc/arm-none-eabi/9.3.1/../../../../arm-none-eabi/lib/thumb/v7e-m+fp/hard/crt0.o (memset)
c:/st/stm32cubeide_1.5.0/stm32cubeide/plugins/com.st.stm32cube.ide.mcu.externaltools.gnu-tools-for-stm32.9-2020-q2-update.win32_1.5.0.202011040924/tools/bin/../lib/gcc/arm-none-eabi/9.3.1/../../../../arm-none-eabi/lib/thumb/v7e-m+fp/hard\libc_nano.a(lib_a-printf.o)
                              Core/Src/main.o (printf)
c:/st/stm32cubeide_1.5.0/stm32cubeide/plugins/com.st.stm32cube.ide.mcu.externaltools.gnu-tools-for-stm32.9-2020-q2-update.win32_1.5.0.202011040924/tools/bin/../lib/gcc/arm-none-eabi/9.3.1/../../../../arm-none-eabi/lib/thumb/v7e-m+fp/hard\libc_nano.a(lib_a-findfp.o)
                              c:/st/stm32cubeide_1.5.0/stm32cubeide/plugins/com.st.stm32cube.ide.mcu.externaltools.gnu-tools-for-stm32.9-2020-q2-update.win32_1.5.0.202011040924/tools/bin/../lib/gcc/arm-none-eabi/9.3.1/../../../../arm-none-eabi/lib/thumb/v7e-m+fp/hard\libc_nano.a(lib_a-printf.o) (__sinit)
c:/st/stm32cubeide_1.5.0/stm32cubeide/plugins/com.st.stm32cube.ide.mcu.externaltools.gnu-tools-for-stm32.9-2020-q2-update.win32_1.5.0.202011040924/tools/bin/../lib/gcc/arm-none-eabi/9.3.1/../../../../arm-none-eabi/lib/thumb/v7e-m+fp/hard\libc_nano.a(lib_a-fwalk.o)
                              c:/st/stm32cubeide_1.5.0/stm32cubeide/plugins/com.st.stm32cube.ide.mcu.externaltools.gnu-tools-for-stm32.9-2020-q2-update.win32_1.5.0.202011040924/tools/bin/../lib/gcc/arm-none-eabi/9.3.1/../../../../arm-none-eabi/lib/thumb/v7e-m+fp/hard\libc_nano.a(lib_a-findfp.o) (_fwalk)
c:/st/stm32cubeide_1.5.0/stm32cubeide/plugins/com.st.stm32cube.ide.mcu.externaltools.gnu-tools-for-stm32.9-2020-q2-update.win32_1.5.0.202011040924/tools/bin/../lib/gcc/arm-none-eabi/9.3.1/../../../../arm-none-eabi/lib/thumb/v7e-m+fp/hard\libc_nano.a(lib_a-lock.o)
                              c:/st/stm32cubeide_1.5.0/stm32cubeide/plugins/com.st.stm32cube.ide.mcu.externaltools.gnu-tools-for-stm32.9-2020-q2-update.win32_1.5.0.202011040924/tools/bin/../lib/gcc/arm-none-eabi/9.3.1/../../../../arm-none-eabi/lib/thumb/v7e-m+fp/hard\libc_nano.a(lib_a-findfp.o) (__retarget_lock_init_recursive)
c:/st/stm32cubeide_1.5.0/stm32cubeide/plugins/com.st.stm32cube.ide.mcu.externaltools.gnu-tools-for-stm32.9-2020-q2-update.win32_1.5.0.202011040924/tools/bin/../lib/gcc/arm-none-eabi/9.3.1/../../../../arm-none-eabi/lib/thumb/v7e-m+fp/hard\libc_nano.a(lib_a-nano-mallocr.o)
[...]
Memory Configuration

Name             Origin             Length             Attributes
CCMRAM           0x0000000010000000 0x0000000000004000 xrw
RAM              0x0000000020000000 0x0000000000010000 xrw
FLASH            0x0000000008000000 0x0000000000080000 xr
*default*        0x0000000000000000 0xffffffffffffffff

Linker script and memory map

LOAD c:/st/stm32cubeide_1.5.0/stm32cubeide/plugins/com.st.stm32cube.ide.mcu.externaltools.gnu-tools-for-stm32.9-2020-q2-update.win32_1.5.0.202011040924/tools/bin/../lib/gcc/arm-none-eabi/9.3.1/thumb/v7e-m+fp/hard/crti.o
LOAD c:/st/stm32cubeide_1.5.0/stm32cubeide/plugins/com.st.stm32cube.ide.mcu.externaltools.gnu-tools-for-stm32.9-2020-q2-update.win32_1.5.0.202011040924/tools/bin/../lib/gcc/arm-none-eabi/9.3.1/thumb/v7e-m+fp/hard/crtbegin.o
LOAD c:/st/stm32cubeide_1.5.0/stm32cubeide/plugins/com.st.stm32cube.ide.mcu.externaltools.gnu-tools-for-stm32.9-2020-q2-update.win32_1.5.0.202011040924/tools/bin/../lib/gcc/arm-none-eabi/9.3.1/../../../../arm-none-eabi/lib/thumb/v7e-m+fp/hard/crt0.o
LOAD Core/Src/adc.o
LOAD Core/Src/dma.o
LOAD Core/Src/gpio.o
LOAD Core/Src/main.o
LOAD Core/Src/spi.o
LOAD Core/Src/stm32f3xx_hal_msp.o
LOAD Core/Src/stm32f3xx_it.o
LOAD Core/Src/syscalls.o
LOAD Core/Src/sysmem.o
LOAD Core/Src/system_stm32f3xx.o
LOAD Core/Src/usart.o
LOAD Core/Startup/startup_stm32f303zetx.o
LOAD Drivers/STM32F3xx_HAL_Driver/Src/stm32f3xx_hal.o
LOAD Drivers/STM32F3xx_HAL_Driver/Src/stm32f3xx_hal_adc.o
LOAD Drivers/STM32F3xx_HAL_Driver/Src/stm32f3xx_hal_adc_ex.o
LOAD Drivers/STM32F3xx_HAL_Driver/Src/stm32f3xx_hal_cortex.o
LOAD Drivers/STM32F3xx_HAL_Driver/Src/stm32f3xx_hal_dma.o
LOAD Drivers/STM32F3xx_HAL_Driver/Src/stm32f3xx_hal_exti.o
LOAD Drivers/STM32F3xx_HAL_Driver/Src/stm32f3xx_hal_flash.o
LOAD Drivers/STM32F3xx_HAL_Driver/Src/stm32f3xx_hal_flash_ex.o
LOAD Drivers/STM32F3xx_HAL_Driver/Src/stm32f3xx_hal_gpio.o
LOAD Drivers/STM32F3xx_HAL_Driver/Src/stm32f3xx_hal_i2c.o
LOAD Drivers/STM32F3xx_HAL_Driver/Src/stm32f3xx_hal_i2c_ex.o
LOAD Drivers/STM32F3xx_HAL_Driver/Src/stm32f3xx_hal_pwr.o
LOAD Drivers/STM32F3xx_HAL_Driver/Src/stm32f3xx_hal_pwr_ex.o
LOAD Drivers/STM32F3xx_HAL_Driver/Src/stm32f3xx_hal_rcc.o
LOAD Drivers/STM32F3xx_HAL_Driver/Src/stm32f3xx_hal_rcc_ex.o
LOAD Drivers/STM32F3xx_HAL_Driver/Src/stm32f3xx_hal_spi.o
LOAD Drivers/STM32F3xx_HAL_Driver/Src/stm32f3xx_hal_spi_ex.o
LOAD Drivers/STM32F3xx_HAL_Driver/Src/stm32f3xx_hal_tim.o
LOAD Drivers/STM32F3xx_HAL_Driver/Src/stm32f3xx_hal_tim_ex.o
LOAD Drivers/STM32F3xx_HAL_Driver/Src/stm32f3xx_hal_uart.o
LOAD Drivers/STM32F3xx_HAL_Driver/Src/stm32f3xx_hal_uart_ex.o
START GROUP
LOAD c:/st/stm32cubeide_1.5.0/stm32cubeide/plugins/com.st.stm32cube.ide.mcu.externaltools.gnu-tools-for-stm32.9-2020-q2-update.win32_1.5.0.202011040924/tools/bin/../lib/gcc/arm-none-eabi/9.3.1/../../../../arm-none-eabi/lib/thumb/v7e-m+fp/hard\libc_nano.a
LOAD c:/st/stm32cubeide_1.5.0/stm32cubeide/plugins/com.st.stm32cube.ide.mcu.externaltools.gnu-tools-for-stm32.9-2020-q2-update.win32_1.5.0.202011040924/tools/bin/../lib/gcc/arm-none-eabi/9.3.1/../../../../arm-none-eabi/lib/thumb/v7e-m+fp/hard\libm.a
END GROUP
START GROUP
LOAD c:/st/stm32cubeide_1.5.0/stm32cubeide/plugins/com.st.stm32cube.ide.mcu.externaltools.gnu-tools-for-stm32.9-2020-q2-update.win32_1.5.0.202011040924/tools/bin/../lib/gcc/arm-none-eabi/9.3.1/thumb/v7e-m+fp/hard\libgcc.a
LOAD c:/st/stm32cubeide_1.5.0/stm32cubeide/plugins/com.st.stm32cube.ide.mcu.externaltools.gnu-tools-for-stm32.9-2020-q2-update.win32_1.5.0.202011040924/tools/bin/../lib/gcc/arm-none-eabi/9.3.1/../../../../arm-none-eabi/lib/thumb/v7e-m+fp/hard\libc_nano.a
END GROUP
START GROUP
LOAD c:/st/stm32cubeide_1.5.0/stm32cubeide/plugins/com.st.stm32cube.ide.mcu.externaltools.gnu-tools-for-stm32.9-2020-q2-update.win32_1.5.0.202011040924/tools/bin/../lib/gcc/arm-none-eabi/9.3.1/thumb/v7e-m+fp/hard\libgcc.a
LOAD c:/st/stm32cubeide_1.5.0/stm32cubeide/plugins/com.st.stm32cube.ide.mcu.externaltools.gnu-tools-for-stm32.9-2020-q2-update.win32_1.5.0.202011040924/tools/bin/../lib/gcc/arm-none-eabi/9.3.1/../../../../arm-none-eabi/lib/thumb/v7e-m+fp/hard\libc_nano.a
LOAD c:/st/stm32cubeide_1.5.0/stm32cubeide/plugins/com.st.stm32cube.ide.mcu.externaltools.gnu-tools-for-stm32.9-2020-q2-update.win32_1.5.0.202011040924/tools/bin/../lib/gcc/arm-none-eabi/9.3.1/../../../../arm-none-eabi/lib/thumb/v7e-m+fp/hard\libnosys.a
END GROUP
START GROUP
LOAD c:/st/stm32cubeide_1.5.0/stm32cubeide/plugins/com.st.stm32cube.ide.mcu.externaltools.gnu-tools-for-stm32.9-2020-q2-update.win32_1.5.0.202011040924/tools/bin/../lib/gcc/arm-none-eabi/9.3.1/thumb/v7e-m+fp/hard\libgcc.a
LOAD c:/st/stm32cubeide_1.5.0/stm32cubeide/plugins/com.st.stm32cube.ide.mcu.externaltools.gnu-tools-for-stm32.9-2020-q2-update.win32_1.5.0.202011040924/tools/bin/../lib/gcc/arm-none-eabi/9.3.1/../../../../arm-none-eabi/lib/thumb/v7e-m+fp/hard\libc_nano.a
LOAD c:/st/stm32cubeide_1.5.0/stm32cubeide/plugins/com.st.stm32cube.ide.mcu.externaltools.gnu-tools-for-stm32.9-2020-q2-update.win32_1.5.0.202011040924/tools/bin/../lib/gcc/arm-none-eabi/9.3.1/../../../../arm-none-eabi/lib/thumb/v7e-m+fp/hard\libnosys.a
END GROUP
LOAD c:/st/stm32cubeide_1.5.0/stm32cubeide/plugins/com.st.stm32cube.ide.mcu.externaltools.gnu-tools-for-stm32.9-2020-q2-update.win32_1.5.0.202011040924/tools/bin/../lib/gcc/arm-none-eabi/9.3.1/thumb/v7e-m+fp/hard/crtend.o
LOAD c:/st/stm32cubeide_1.5.0/stm32cubeide/plugins/com.st.stm32cube.ide.mcu.externaltools.gnu-tools-for-stm32.9-2020-q2-update.win32_1.5.0.202011040924/tools/bin/../lib/gcc/arm-none-eabi/9.3.1/thumb/v7e-m+fp/hard/crtn.o
                0x0000000020010000                _estack = (ORIGIN (RAM) + LENGTH (RAM))
                0x0000000000000200                _Min_Heap_Size = 0x200
                0x0000000000000400                _Min_Stack_Size = 0x400

.isr_vector     0x0000000008000000      0x194
                0x0000000008000000                . = ALIGN (0x4)
 *(.isr_vector)
 .isr_vector    0x0000000008000000      0x194 Core/Startup/startup_stm32f303zetx.o
                0x0000000008000000                g_pfnVectors
                0x0000000008000194                . = ALIGN (0x4)

.text           0x00000000080001a0     0x7c28
                0x00000000080001a0                . = ALIGN (0x4)
 *(.text)
 .text          0x00000000080001a0       0x40 c:/st/stm32cubeide_1.5.0/stm32cubeide/plugins/com.st.stm32cube.ide.mcu.externaltools.gnu-tools-for-stm32.9-2020-q2-update.win32_1.5.0.202011040924/tools/bin/../lib/gcc/arm-none-eabi/9.3.1/thumb/v7e-m+fp/hard/crtbegin.o
 .text          0x00000000080001e0       0xa0 c:/st/stm32cubeide_1.5.0/stm32cubeide/plugins/com.st.stm32cube.ide.mcu.externaltools.gnu-tools-for-stm32.9-2020-q2-update.win32_1.5.0.202011040924/tools/bin/../lib/gcc/arm-none-eabi/9.3.1/../../../../arm-none-eabi/lib/thumb/v7e-m+fp/hard\libc_nano.a(lib_a-memchr.o)
                0x00000000080001e0                memchr
 *(.text*)
 .text.MX_ADC1_Init
                0x0000000008000280      0x238 Core/Src/adc.o
                0x0000000008000280                MX_ADC1_Init
 .text.MX_ADC2_Init
                0x00000000080004b8      0x1a8 Core/Src/adc.o
                0x00000000080004b8                MX_ADC2_Init
 .text.MX_ADC3_Init
                0x0000000008000660      0x2a8 Core/Src/adc.o
                0x0000000008000660                MX_ADC3_Init
 .text.MX_ADC4_Init
                0x0000000008000908      0x1a4 Core/Src/adc.o
                0x0000000008000908                MX_ADC4_Init
 .text.HAL_ADC_MspInit
                0x0000000008000aac      0x538 Core/Src/adc.o
                0x0000000008000aac                HAL_ADC_MspInit
 .text.MX_DMA_Init
                0x0000000008000fe4       0x84 Core/Src/dma.o
                0x0000000008000fe4                MX_DMA_Init
 .text.MX_GPIO_Init
                0x0000000008001068       0xd8 Core/Src/gpio.o
                0x0000000008001068                MX_GPIO_Init
 .text.__io_putchar
                0x0000000008001140       0x24 Core/Src/main.o
                0x0000000008001140                __io_putchar
 .text.main     0x0000000008001164     0x14dc Core/Src/main.o
                0x0000000008001164                main
 .text.SystemClock_Config
                0x0000000008002640       0xcc Core/Src/main.o
                0x0000000008002640                SystemClock_Config
 .text.Error_Handler
                0x000000000800270c        0xa Core/Src/main.o
                0x000000000800270c                Error_Handler
 *fill*         0x0000000008002716        0x2 
 .text.MX_SPI3_Init
                0x0000000008002718       0x7c Core/Src/spi.o
                0x0000000008002718                MX_SPI3_Init
 .text.HAL_SPI_MspInit
                0x0000000008002794       0x88 Core/Src/spi.o
                0x0000000008002794                HAL_SPI_MspInit
 .text.HAL_MspInit
                0x000000000800281c       0x48 Core/Src/stm32f3xx_hal_msp.o
                0x000000000800281c                HAL_MspInit
 .text.NMI_Handler
                0x0000000008002864        0x6 Core/Src/stm32f3xx_it.o
                0x0000000008002864                NMI_Handler
 .text.HardFault_Handler
                0x000000000800286a        0x6 Core/Src/stm32f3xx_it.o
                0x000000000800286a                HardFault_Handler
 .text.MemManage_Handler
                0x0000000008002870        0x6 Core/Src/stm32f3xx_it.o
                0x0000000008002870                MemManage_Handler
 .text.BusFault_Handler
                0x0000000008002876        0x6 Core/Src/stm32f3xx_it.o
                0x0000000008002876                BusFault_Handler
 .text.UsageFault_Handler
                0x000000000800287c        0x6 Core/Src/stm32f3xx_it.o
                0x000000000800287c                UsageFault_Handler
 .text.SVC_Handler
                0x0000000008002882        0xe Core/Src/stm32f3xx_it.o
                0x0000000008002882                SVC_Handler
 .text.DebugMon_Handler
                0x0000000008002890        0xe Core/Src/stm32f3xx_it.o
                0x0000000008002890                DebugMon_Handler
 .text.PendSV_Handler
                0x000000000800289e        0xe Core/Src/stm32f3xx_it.o
                0x000000000800289e                PendSV_Handler
 .text.SysTick_Handler
                0x00000000080028ac        0xc Core/Src/stm32f3xx_it.o
                0x00000000080028ac                SysTick_Handler
 .text.DMA1_Channel1_IRQHandler
                0x00000000080028b8       0x14 Core/Src/stm32f3xx_it.o
                0x00000000080028b8                DMA1_Channel1_IRQHandler
 .text.DMA2_Channel3_IRQHandler
                0x00000000080028cc       0x14 Core/Src/stm32f3xx_it.o
                0x00000000080028cc                DMA2_Channel3_IRQHandler
 .text.DMA2_Channel4_IRQHandler
                0x00000000080028e0       0x14 Core/Src/stm32f3xx_it.o
                0x00000000080028e0                DMA2_Channel4_IRQHandler
 .text.DMA2_Channel5_IRQHandler
                0x00000000080028f4       0x14 Core/Src/stm32f3xx_it.o
                0x00000000080028f4                DMA2_Channel5_IRQHandler
 .text._read    0x0000000008002908       0x3a Core/Src/syscalls.o
                0x0000000008002908                _read
 .text._write   0x0000000008002942       0x38 Core/Src/syscalls.o
                0x0000000008002942                _write
 .text._close   0x000000000800297a       0x18 Core/Src/syscalls.o
                0x000000000800297a                _close
 .text._fstat   0x0000000008002992       0x20 Core/Src/syscalls.o
                0x0000000008002992                _fstat
 .text._isatty  0x00000000080029b2       0x16 Core/Src/syscalls.o
                0x00000000080029b2                _isatty
 .text._lseek   0x00000000080029c8       0x1a Core/Src/syscalls.o
                0x00000000080029c8                _lseek
 *fill*         0x00000000080029e2        0x2 
 .text._sbrk    0x00000000080029e4       0x6c Core/Src/sysmem.o
                0x00000000080029e4                _sbrk
 .text.SystemInit
                0x0000000008002a50       0x24 Core/Src/system_stm32f3xx.o
                0x0000000008002a50                SystemInit
 .text.MX_USART2_UART_Init
                0x0000000008002a74       0x60 Core/Src/usart.o
                0x0000000008002a74                MX_USART2_UART_Init
 .text.HAL_UART_MspInit
                0x0000000008002ad4       0xc4 Core/Src/usart.o
                0x0000000008002ad4                HAL_UART_MspInit
 .text.Reset_Handler
                0x0000000008002b98       0x50 Core/Startup/startup_stm32f303zetx.o
                0x0000000008002b98                Reset_Handler
 .text.Default_Handler
                0x0000000008002be8        0x2 Core/Startup/startup_stm32f303zetx.o
                0x0000000008002be8                RTC_Alarm_IRQHandler
                0x0000000008002be8                TIM8_TRG_COM_IRQHandler
                0x0000000008002be8                TIM8_CC_IRQHandler
                0x0000000008002be8                SPI4_IRQHandler
                0x0000000008002be8                TIM1_CC_IRQHandler
                0x0000000008002be8                USB_HP_IRQHandler
                0x0000000008002be8                PVD_IRQHandler
                0x0000000008002be8                TAMP_STAMP_IRQHandler
                0x0000000008002be8                EXTI3_IRQHandler
                0x0000000008002be8                I2C3_ER_IRQHandler
                0x0000000008002be8                USB_HP_CAN_TX_IRQHandler
                0x0000000008002be8                EXTI0_IRQHandler
                0x0000000008002be8                I2C2_EV_IRQHandler
                0x0000000008002be8                FPU_IRQHandler
                0x0000000008002be8                TIM1_UP_TIM16_IRQHandler
                0x0000000008002be8                ADC1_2_IRQHandler
                0x0000000008002be8                SPI1_IRQHandler
                0x0000000008002be8                CAN_SCE_IRQHandler
                0x0000000008002be8                TIM6_DAC_IRQHandler
                0x0000000008002be8                TIM8_UP_IRQHandler
                0x0000000008002be8                DMA2_Channel2_IRQHandler
                0x0000000008002be8                DMA1_Channel4_IRQHandler
                0x0000000008002be8                TIM20_TRG_COM_IRQHandler
                0x0000000008002be8                USART3_IRQHandler
                0x0000000008002be8                DMA1_Channel7_IRQHandler
                0x0000000008002be8                UART5_IRQHandler
                0x0000000008002be8                ADC3_IRQHandler
                0x0000000008002be8                TIM4_IRQHandler
                0x0000000008002be8                CAN_RX1_IRQHandler
                0x0000000008002be8                DMA2_Channel1_IRQHandler
                0x0000000008002be8                I2C1_EV_IRQHandler
                0x0000000008002be8                DMA1_Channel6_IRQHandler
                0x0000000008002be8                UART4_IRQHandler
                0x0000000008002be8                TIM3_IRQHandler
                0x0000000008002be8                RCC_IRQHandler
                0x0000000008002be8                TIM20_UP_IRQHandler
                0x0000000008002be8                Default_Handler
                0x0000000008002be8                USBWakeUp_RMP_IRQHandler
                0x0000000008002be8                EXTI15_10_IRQHandler
                0x0000000008002be8                TIM7_IRQHandler
                0x0000000008002be8                I2C3_EV_IRQHandler
                0x0000000008002be8                EXTI9_5_IRQHandler
                0x0000000008002be8                RTC_WKUP_IRQHandler
                0x0000000008002be8                SPI2_IRQHandler
                0x0000000008002be8                USB_LP_CAN_RX0_IRQHandler
                0x0000000008002be8                DMA1_Channel5_IRQHandler
                0x0000000008002be8                USB_LP_IRQHandler
                0x0000000008002be8                EXTI4_IRQHandler
                0x0000000008002be8                TIM1_TRG_COM_TIM17_IRQHandler
                0x0000000008002be8                DMA1_Channel3_IRQHandler
                0x0000000008002be8                ADC4_IRQHandler
                0x0000000008002be8                WWDG_IRQHandler
                0x0000000008002be8                TIM2_IRQHandler
                0x0000000008002be8                COMP7_IRQHandler
                0x0000000008002be8                COMP1_2_3_IRQHandler
                0x0000000008002be8                EXTI1_IRQHandler
                0x0000000008002be8                USART2_IRQHandler
                0x0000000008002be8                COMP4_5_6_IRQHandler
                0x0000000008002be8                TIM20_BRK_IRQHandler
                0x0000000008002be8                I2C2_ER_IRQHandler
                0x0000000008002be8                DMA1_Channel2_IRQHandler
                0x0000000008002be8                TIM8_BRK_IRQHandler
                0x0000000008002be8                FLASH_IRQHandler
                0x0000000008002be8                TIM20_CC_IRQHandler
                0x0000000008002be8                USART1_IRQHandler
                0x0000000008002be8                SPI3_IRQHandler
                0x0000000008002be8                I2C1_ER_IRQHandler
                0x0000000008002be8                FMC_IRQHandler
                0x0000000008002be8                USBWakeUp_IRQHandler
                0x0000000008002be8                EXTI2_TSC_IRQHandler
                0x0000000008002be8                TIM1_BRK_TIM15_IRQHandler
 *fill*         0x0000000008002bea        0x2 
 .text.HAL_Init
                0x0000000008002bec       0x2c Drivers/STM32F3xx_HAL_Driver/Src/stm32f3xx_hal.o
                0x0000000008002bec                HAL_Init
 .text.HAL_InitTick
                0x0000000008002c18       0x60 Drivers/STM32F3xx_HAL_Driver/Src/stm32f3xx_hal.o
                0x0000000008002c18                HAL_InitTick
 .text.HAL_IncTick
                0x0000000008002c78       0x28 Drivers/STM32F3xx_HAL_Driver/Src/stm32f3xx_hal.o
                0x0000000008002c78                HAL_IncTick
 .text.HAL_GetTick
                0x0000000008002ca0       0x18 Drivers/STM32F3xx_HAL_Driver/Src/stm32f3xx_hal.o
                0x0000000008002ca0                HAL_GetTick
 .text.HAL_Delay
                0x0000000008002cb8       0x48 Drivers/STM32F3xx_HAL_Driver/Src/stm32f3xx_hal.o
                0x0000000008002cb8                HAL_Delay
 .text.HAL_ADC_ConvCpltCallback
                0x0000000008002d00       0x14 Drivers/STM32F3xx_HAL_Driver/Src/stm32f3xx_hal_adc.o
                0x0000000008002d00                HAL_ADC_ConvCpltCallback
 .text.HAL_ADC_ConvHalfCpltCallback
                0x0000000008002d14       0x14 Drivers/STM32F3xx_HAL_Driver/Src/stm32f3xx_hal_adc.o
                0x0000000008002d14                HAL_ADC_ConvHalfCpltCallback
 .text.HAL_ADC_ErrorCallback
                0x0000000008002d28       0x14 Drivers/STM32F3xx_HAL_Driver/Src/stm32f3xx_hal_adc.o
                0x0000000008002d28                HAL_ADC_ErrorCallback
 .text.HAL_ADC_Init
                0x0000000008002d3c      0x3f4 Drivers/STM32F3xx_HAL_Driver/Src/stm32f3xx_hal_adc_ex.o
                0x0000000008002d3c                HAL_ADC_Init
 .text.HAL_ADC_Start_DMA
                0x0000000008003130      0x238 Drivers/STM32F3xx_HAL_Driver/Src/stm32f3xx_hal_adc_ex.o
                0x0000000008003130                HAL_ADC_Start_DMA
 .text.HAL_ADC_ConfigChannel
                0x0000000008003368      0x5d8 Drivers/STM32F3xx_HAL_Driver/Src/stm32f3xx_hal_adc_ex.o
                0x0000000008003368                HAL_ADC_ConfigChannel
 .text.HAL_ADC_AnalogWDGConfig
                0x0000000008003940      0x298 Drivers/STM32F3xx_HAL_Driver/Src/stm32f3xx_hal_adc_ex.o
                0x0000000008003940                HAL_ADC_AnalogWDGConfig
 .text.HAL_ADCEx_MultiModeConfigChannel
                0x0000000008003bd8      0x1e4 Drivers/STM32F3xx_HAL_Driver/Src/stm32f3xx_hal_adc_ex.o
                0x0000000008003bd8                HAL_ADCEx_MultiModeConfigChannel
 .text.ADC_DMAConvCplt
                0x0000000008003dbc       0x7a Drivers/STM32F3xx_HAL_Driver/Src/stm32f3xx_hal_adc_ex.o
 .text.ADC_DMAHalfConvCplt
                0x0000000008003e36       0x1c Drivers/STM32F3xx_HAL_Driver/Src/stm32f3xx_hal_adc_ex.o
 .text.ADC_DMAError
                0x0000000008003e52       0x34 Drivers/STM32F3xx_HAL_Driver/Src/stm32f3xx_hal_adc_ex.o
 *fill*         0x0000000008003e86        0x2 
 .text.ADC_Enable
                0x0000000008003e88       0xbc Drivers/STM32F3xx_HAL_Driver/Src/stm32f3xx_hal_adc_ex.o
 .text.ADC_Disable
                0x0000000008003f44       0xbe Drivers/STM32F3xx_HAL_Driver/Src/stm32f3xx_hal_adc_ex.o
 *fill*         0x0000000008004002        0x2 
 .text.__NVIC_SetPriorityGrouping
                0x0000000008004004       0x48 Drivers/STM32F3xx_HAL_Driver/Src/stm32f3xx_hal_cortex.o
 .text.__NVIC_GetPriorityGrouping
                0x000000000800404c       0x1c Drivers/STM32F3xx_HAL_Driver/Src/stm32f3xx_hal_cortex.o
 .text.__NVIC_EnableIRQ
                0x0000000008004068       0x3c Drivers/STM32F3xx_HAL_Driver/Src/stm32f3xx_hal_cortex.o
 .text.__NVIC_SetPriority
                0x00000000080040a4       0x54 Drivers/STM32F3xx_HAL_Driver/Src/stm32f3xx_hal_cortex.o
 .text.NVIC_EncodePriority
                0x00000000080040f8       0x66 Drivers/STM32F3xx_HAL_Driver/Src/stm32f3xx_hal_cortex.o
 *fill*         0x000000000800415e        0x2 
 .text.SysTick_Config
                0x0000000008004160       0x44 Drivers/STM32F3xx_HAL_Driver/Src/stm32f3xx_hal_cortex.o
 .text.HAL_NVIC_SetPriorityGrouping
                0x00000000080041a4       0x16 Drivers/STM32F3xx_HAL_Driver/Src/stm32f3xx_hal_cortex.o
                0x00000000080041a4                HAL_NVIC_SetPriorityGrouping
 .text.HAL_NVIC_SetPriority
                0x00000000080041ba       0x38 Drivers/STM32F3xx_HAL_Driver/Src/stm32f3xx_hal_cortex.o
                0x00000000080041ba                HAL_NVIC_SetPriority
 .text.HAL_NVIC_EnableIRQ
                0x00000000080041f2       0x1c Drivers/STM32F3xx_HAL_Driver/Src/stm32f3xx_hal_cortex.o
                0x00000000080041f2                HAL_NVIC_EnableIRQ
 .text.HAL_SYSTICK_Config
                0x000000000800420e       0x18 Drivers/STM32F3xx_HAL_Driver/Src/stm32f3xx_hal_cortex.o
                0x000000000800420e                HAL_SYSTICK_Config
 .text.HAL_DMA_Init
                0x0000000008004226       0x8e Drivers/STM32F3xx_HAL_Driver/Src/stm32f3xx_hal_dma.o
                0x0000000008004226                HAL_DMA_Init
 .text.HAL_DMA_Start_IT
                0x00000000080042b4       0xbe Drivers/STM32F3xx_HAL_Driver/Src/stm32f3xx_hal_dma.o
                0x00000000080042b4                HAL_DMA_Start_IT
 .text.HAL_DMA_IRQHandler
                0x0000000008004372      0x146 Drivers/STM32F3xx_HAL_Driver/Src/stm32f3xx_hal_dma.o
                0x0000000008004372                HAL_DMA_IRQHandler
 .text.DMA_SetConfig
                0x00000000080044b8       0x5c Drivers/STM32F3xx_HAL_Driver/Src/stm32f3xx_hal_dma.o
 .text.DMA_CalcBaseAndBitshift
                0x0000000008004514       0x78 Drivers/STM32F3xx_HAL_Driver/Src/stm32f3xx_hal_dma.o
 .text.HAL_GPIO_Init
                0x000000000800458c      0x314 Drivers/STM32F3xx_HAL_Driver/Src/stm32f3xx_hal_gpio.o
                0x000000000800458c                HAL_GPIO_Init
 .text.HAL_RCC_OscConfig
                0x00000000080048a0      0xe2c Drivers/STM32F3xx_HAL_Driver/Src/stm32f3xx_hal_rcc.o
                0x00000000080048a0                HAL_RCC_OscConfig
 .text.HAL_RCC_ClockConfig
                0x00000000080056cc      0x2f8 Drivers/STM32F3xx_HAL_Driver/Src/stm32f3xx_hal_rcc.o
                0x00000000080056cc                HAL_RCC_ClockConfig
 .text.HAL_RCC_GetSysClockFreq
                0x00000000080059c4       0xd4 Drivers/STM32F3xx_HAL_Driver/Src/stm32f3xx_hal_rcc.o
                0x00000000080059c4                HAL_RCC_GetSysClockFreq
 .text.HAL_RCC_GetHCLKFreq
                0x0000000008005a98       0x18 Drivers/STM32F3xx_HAL_Driver/Src/stm32f3xx_hal_rcc.o
                0x0000000008005a98                HAL_RCC_GetHCLKFreq
 .text.HAL_RCC_GetPCLK1Freq
                0x0000000008005ab0       0x44 Drivers/STM32F3xx_HAL_Driver/Src/stm32f3xx_hal_rcc.o
                0x0000000008005ab0                HAL_RCC_GetPCLK1Freq
 .text.HAL_RCC_GetPCLK2Freq
                0x0000000008005af4       0x44 Drivers/STM32F3xx_HAL_Driver/Src/stm32f3xx_hal_rcc.o
                0x0000000008005af4                HAL_RCC_GetPCLK2Freq
 .text.HAL_RCCEx_PeriphCLKConfig
                0x0000000008005b38      0x43c Drivers/STM32F3xx_HAL_Driver/Src/stm32f3xx_hal_rcc_ex.o
                0x0000000008005b38                HAL_RCCEx_PeriphCLKConfig
 .text.HAL_SPI_Init
                0x0000000008005f74      0x156 Drivers/STM32F3xx_HAL_Driver/Src/stm32f3xx_hal_spi.o
                0x0000000008005f74                HAL_SPI_Init
 .text.HAL_SPI_Transmit
                0x00000000080060ca      0x2dc Drivers/STM32F3xx_HAL_Driver/Src/stm32f3xx_hal_spi.o
                0x00000000080060ca                HAL_SPI_Transmit
 *fill*         0x00000000080063a6        0x2 
 .text.SPI_WaitFlagStateUntilTimeout
                0x00000000080063a8      0x110 Drivers/STM32F3xx_HAL_Driver/Src/stm32f3xx_hal_spi.o
 .text.SPI_WaitFifoStateUntilTimeout
                0x00000000080064b8      0x11c Drivers/STM32F3xx_HAL_Driver/Src/stm32f3xx_hal_spi.o
 .text.SPI_EndRxTxTransaction
                0x00000000080065d4       0x8c Drivers/STM32F3xx_HAL_Driver/Src/stm32f3xx_hal_spi.o
 .text.HAL_UART_Init
                0x0000000008006660       0x9c Drivers/STM32F3xx_HAL_Driver/Src/stm32f3xx_hal_uart.o
                0x0000000008006660                HAL_UART_Init
 .text.HAL_UART_Transmit
                0x00000000080066fc      0x128 Drivers/STM32F3xx_HAL_Driver/Src/stm32f3xx_hal_uart.o
                0x00000000080066fc                HAL_UART_Transmit
 .text.UART_SetConfig
                0x0000000008006824      0x3ac Drivers/STM32F3xx_HAL_Driver/Src/stm32f3xx_hal_uart.o
                0x0000000008006824                UART_SetConfig
 .text.UART_AdvFeatureConfig
                0x0000000008006bd0      0x144 Drivers/STM32F3xx_HAL_Driver/Src/stm32f3xx_hal_uart.o
                0x0000000008006bd0                UART_AdvFeatureConfig
 .text.UART_CheckIdleState
                0x0000000008006d14       0x92 Drivers/STM32F3xx_HAL_Driver/Src/stm32f3xx_hal_uart.o
                0x0000000008006d14                UART_CheckIdleState
 .text.UART_WaitOnFlagUntilTimeout
                0x0000000008006da6       0xf8 Drivers/STM32F3xx_HAL_Driver/Src/stm32f3xx_hal_uart.o
                0x0000000008006da6                UART_WaitOnFlagUntilTimeout
 *fill*         0x0000000008006e9e        0x2 
 .text.__errno  0x0000000008006ea0        0xc c:/st/stm32cubeide_1.5.0/stm32cubeide/plugins/com.st.stm32cube.ide.mcu.externaltools.gnu-tools-for-stm32.9-2020-q2-update.win32_1.5.0.202011040924/tools/bin/../lib/gcc/arm-none-eabi/9.3.1/../../../../arm-none-eabi/lib/thumb/v7e-m+fp/hard\libc_nano.a(lib_a-errno.o)
                0x0000000008006ea0                __errno
 .text.__libc_init_array
                0x0000000008006eac       0x48 c:/st/stm32cubeide_1.5.0/stm32cubeide/plugins/com.st.stm32cube.ide.mcu.externaltools.gnu-tools-for-stm32.9-2020-q2-update.win32_1.5.0.202011040924/tools/bin/../lib/gcc/arm-none-eabi/9.3.1/../../../../arm-none-eabi/lib/thumb/v7e-m+fp/hard\libc_nano.a(lib_a-init.o)
                0x0000000008006eac                __libc_init_array
 .text.memset   0x0000000008006ef4       0x10 c:/st/stm32cubeide_1.5.0/stm32cubeide/plugins/com.st.stm32cube.ide.mcu.externaltools.gnu-tools-for-stm32.9-2020-q2-update.win32_1.5.0.202011040924/tools/bin/../lib/gcc/arm-none-eabi/9.3.1/../../../../arm-none-eabi/lib/thumb/v7e-m+fp/hard\libc_nano.a(lib_a-memset.o)
                0x0000000008006ef4                memset
 .text.printf   0x0000000008006f04       0x30 c:/st/stm32cubeide_1.5.0/stm32cubeide/plugins/com.st.stm32cube.ide.mcu.externaltools.gnu-tools-for-stm32.9-2020-q2-update.win32_1.5.0.202011040924/tools/bin/../lib/gcc/arm-none-eabi/9.3.1/../../../../arm-none-eabi/lib/thumb/v7e-m+fp/hard\libc_nano.a(lib_a-printf.o)
                0x0000000008006f04                iprintf
                0x0000000008006f04                printf
 .text.std      0x0000000008006f34       0x48 c:/st/stm32cubeide_1.5.0/stm32cubeide/plugins/com.st.stm32cube.ide.mcu.externaltools.gnu-tools-for-stm32.9-2020-q2-update.win32_1.5.0.202011040924/tools/bin/../lib/gcc/arm-none-eabi/9.3.1/../../../../arm-none-eabi/lib/thumb/v7e-m+fp/hard\libc_nano.a(lib_a-findfp.o)
 .text._cleanup_r
                0x0000000008006f7c        0xc c:/st/stm32cubeide_1.5.0/stm32cubeide/plugins/com.st.stm32cube.ide.mcu.externaltools.gnu-tools-for-stm32.9-2020-q2-update.win32_1.5.0.202011040924/tools/bin/../lib/gcc/arm-none-eabi/9.3.1/../../../../arm-none-eabi/lib/thumb/v7e-m+fp/hard\libc_nano.a(lib_a-findfp.o)
                0x0000000008006f7c                _cleanup_r
 .text.__sfmoreglue
                0x0000000008006f88       0x2c c:/st/stm32cubeide_1.5.0/stm32cubeide/plugins/com.st.stm32cube.ide.mcu.externaltools.gnu-tools-for-stm32.9-2020-q2-update.win32_1.5.0.202011040924/tools/bin/../lib/gcc/arm-none-eabi/9.3.1/../../../../arm-none-eabi/lib/thumb/v7e-m+fp/hard\libc_nano.a(lib_a-findfp.o)
                0x0000000008006f88                __sfmoreglue
 .text.__sfp_lock_acquire
                0x0000000008006fb4        0xc c:/st/stm32cubeide_1.5.0/stm32cubeide/plugins/com.st.stm32cube.ide.mcu.externaltools.gnu-tools-for-stm32.9-2020-q2-update.win32_1.5.0.202011040924/tools/bin/../lib/gcc/arm-none-eabi/9.3.1/../../../../arm-none-eabi/lib/thumb/v7e-m+fp/hard\libc_nano.a(lib_a-findfp.o)
                0x0000000008006fb4                __sfp_lock_acquire
 .text.__sfp_lock_release
                0x0000000008006fc0        0xc c:/st/stm32cubeide_1.5.0/stm32cubeide/plugins/com.st.stm32cube.ide.mcu.externaltools.gnu-tools-for-stm32.9-2020-q2-update.win32_1.5.0.202011040924/tools/bin/../lib/gcc/arm-none-eabi/9.3.1/../../../../arm-none-eabi/lib/thumb/v7e-m+fp/hard\libc_nano.a(lib_a-findfp.o)
                0x0000000008006fc0                __sfp_lock_release
 .text.__sinit_lock_acquire
                0x0000000008006fcc        0xc c:/st/stm32cubeide_1.5.0/stm32cubeide/plugins/com.st.stm32cube.ide.mcu.externaltools.gnu-tools-for-stm32.9-2020-q2-update.win32_1.5.0.202011040924/tools/bin/../lib/gcc/arm-none-eabi/9.3.1/../../../../arm-none-eabi/lib/thumb/v7e-m+fp/hard\libc_nano.a(lib_a-findfp.o)
                0x0000000008006fcc                __sinit_lock_acquire
 .text.__sinit_lock_release
                0x0000000008006fd8        0xc c:/st/stm32cubeide_1.5.0/stm32cubeide/plugins/com.st.stm32cube.ide.mcu.externaltools.gnu-tools-for-stm32.9-2020-q2-update.win32_1.5.0.202011040924/tools/bin/../lib/gcc/arm-none-eabi/9.3.1/../../../../arm-none-eabi/lib/thumb/v7e-m+fp/hard\libc_nano.a(lib_a-findfp.o)
                0x0000000008006fd8                __sinit_lock_release
 .text.__sinit  0x0000000008006fe4       0x70 c:/st/stm32cubeide_1.5.0/stm32cubeide/plugins/com.st.stm32cube.ide.mcu.externaltools.gnu-tools-for-stm32.9-2020-q2-update.win32_1.5.0.202011040924/tools/bin/../lib/gcc/arm-none-eabi/9.3.1/../../../../arm-none-eabi/lib/thumb/v7e-m+fp/hard\libc_nano.a(lib_a-findfp.o)
                0x0000000008006fe4                __sinit
 .text.__sfp    0x0000000008007054       0x8c c:/st/stm32cubeide_1.5.0/stm32cubeide/plugins/com.st.stm32cube.ide.mcu.externaltools.gnu-tools-for-stm32.9-2020-q2-update.win32_1.5.0.202011040924/tools/bin/../lib/gcc/arm-none-eabi/9.3.1/../../../../arm-none-eabi/lib/thumb/v7e-m+fp/hard\libc_nano.a(lib_a-findfp.o)
                0x0000000008007054                __sfp
 .text._fwalk_reent
                0x00000000080070e0       0x3e c:/st/stm32cubeide_1.5.0/stm32cubeide/plugins/com.st.stm32cube.ide.mcu.externaltools.gnu-tools-for-stm32.9-2020-q2-update.win32_1.5.0.202011040924/tools/bin/../lib/gcc/arm-none-eabi/9.3.1/../../../../arm-none-eabi/lib/thumb/v7e-m+fp/hard\libc_nano.a(lib_a-fwalk.o)
                0x00000000080070e0                _fwalk_reent
 .text.__retarget_lock_init_recursive
                0x000000000800711e        0x2 c:/st/stm32cubeide_1.5.0/stm32cubeide/plugins/com.st.stm32cube.ide.mcu.externaltools.gnu-tools-for-stm32.9-2020-q2-update.win32_1.5.0.202011040924/tools/bin/../lib/gcc/arm-none-eabi/9.3.1/../../../../arm-none-eabi/lib/thumb/v7e-m+fp/hard\libc_nano.a(lib_a-lock.o)
                0x000000000800711e                __retarget_lock_init_recursive
 .text.__retarget_lock_acquire_recursive
                0x0000000008007120        0x2 c:/st/stm32cubeide_1.5.0/stm32cubeide/plugins/com.st.stm32cube.ide.mcu.externaltools.gnu-tools-for-stm32.9-2020-q2-update.win32_1.5.0.202011040924/tools/bin/../lib/gcc/arm-none-eabi/9.3.1/../../../../arm-none-eabi/lib/thumb/v7e-m+fp/hard\libc_nano.a(lib_a-lock.o)
                0x0000000008007120                __retarget_lock_acquire_recursive
 .text.__retarget_lock_release_recursive
                0x0000000008007122        0x2 c:/st/stm32cubeide_1.5.0/stm32cubeide/plugins/com.st.stm32cube.ide.mcu.externaltools.gnu-tools-for-stm32.9-2020-q2-update.win32_1.5.0.202011040924/tools/bin/../lib/gcc/arm-none-eabi/9.3.1/../../../../arm-none-eabi/lib/thumb/v7e-m+fp/hard\libc_nano.a(lib_a-lock.o)
                0x0000000008007122                __retarget_lock_release_recursive
 .text._malloc_r
                0x0000000008007124       0xb4 c:/st/stm32cubeide_1.5.0/stm32cubeide/plugins/com.st.stm32cube.ide.mcu.externaltools.gnu-tools-for-stm32.9-2020-q2-update.win32_1.5.0.202011040924/tools/bin/../lib/gcc/arm-none-eabi/9.3.1/../../../../arm-none-eabi/lib/thumb/v7e-m+fp/hard\libc_nano.a(lib_a-nano-mallocr.o)
                0x0000000008007124                _malloc_r
 .text.__sfputc_r
                0x00000000080071d8       0x2e c:/st/stm32cubeide_1.5.0/stm32cubeide/plugins/com.st.stm32cube.ide.mcu.externaltools.gnu-tools-for-stm32.9-2020-q2-update.win32_1.5.0.202011040924/tools/bin/../lib/gcc/arm-none-eabi/9.3.1/../../../../arm-none-eabi/lib/thumb/v7e-m+fp/hard\libc_nano.a(lib_a-nano-vfprintf.o)
 .text.__sfputs_r
                0x0000000008007206       0x24 c:/st/stm32cubeide_1.5.0/stm32cubeide/plugins/com.st.stm32cube.ide.mcu.externaltools.gnu-tools-for-stm32.9-2020-q2-update.win32_1.5.0.202011040924/tools/bin/../lib/gcc/arm-none-eabi/9.3.1/../../../../arm-none-eabi/lib/thumb/v7e-m+fp/hard\libc_nano.a(lib_a-nano-vfprintf.o)
                0x0000000008007206                __sfputs_r
 *fill*         0x000000000800722a        0x2 
 .text._vfprintf_r
                0x000000000800722c      0x260 c:/st/stm32cubeide_1.5.0/stm32cubeide/plugins/com.st.stm32cube.ide.mcu.externaltools.gnu-tools-for-stm32.9-2020-q2-update.win32_1.5.0.202011040924/tools/bin/../lib/gcc/arm-none-eabi/9.3.1/../../../../arm-none-eabi/lib/thumb/v7e-m+fp/hard\libc_nano.a(lib_a-nano-vfprintf.o)
                0x000000000800722c                _vfprintf_r
                0x000000000800722c                _vfiprintf_r
 .text._printf_common
                0x000000000800748c       0xda c:/st/stm32cubeide_1.5.0/stm32cubeide/plugins/com.st.stm32cube.ide.mcu.externaltools.gnu-tools-for-stm32.9-2020-q2-update.win32_1.5.0.202011040924/tools/bin/../lib/gcc/arm-none-eabi/9.3.1/../../../../arm-none-eabi/lib/thumb/v7e-m+fp/hard\libc_nano.a(lib_a-nano-vfprintf_i.o)
                0x000000000800748c                _printf_common
 *fill*         0x0000000008007566        0x2 
 .text._printf_i
                0x0000000008007568      0x24c c:/st/stm32cubeide_1.5.0/stm32cubeide/plugins/com.st.stm32cube.ide.mcu.externaltools.gnu-tools-for-stm32.9-2020-q2-update.win32_1.5.0.202011040924/tools/bin/../lib/gcc/arm-none-eabi/9.3.1/../../../../arm-none-eabi/lib/thumb/v7e-m+fp/hard\libc_nano.a(lib_a-nano-vfprintf_i.o)
                0x0000000008007568                _printf_i
 .text._sbrk_r  0x00000000080077b4       0x20 c:/st/stm32cubeide_1.5.0/stm32cubeide/plugins/com.st.stm32cube.ide.mcu.externaltools.gnu-tools-for-stm32.9-2020-q2-update.win32_1.5.0.202011040924/tools/bin/../lib/gcc/arm-none-eabi/9.3.1/../../../../arm-none-eabi/lib/thumb/v7e-m+fp/hard\libc_nano.a(lib_a-sbrkr.o)
                0x00000000080077b4                _sbrk_r
 .text.__sread  0x00000000080077d4       0x22 c:/st/stm32cubeide_1.5.0/stm32cubeide/plugins/com.st.stm32cube.ide.mcu.externaltools.gnu-tools-for-stm32.9-2020-q2-update.win32_1.5.0.202011040924/tools/bin/../lib/gcc/arm-none-eabi/9.3.1/../../../../arm-none-eabi/lib/thumb/v7e-m+fp/hard\libc_nano.a(lib_a-stdio.o)
                0x00000000080077d4                __sread
 .text.__swrite
                0x00000000080077f6       0x38 c:/st/stm32cubeide_1.5.0/stm32cubeide/plugins/com.st.stm32cube.ide.mcu.externaltools.gnu-tools-for-stm32.9-2020-q2-update.win32_1.5.0.202011040924/tools/bin/../lib/gcc/arm-none-eabi/9.3.1/../../../../arm-none-eabi/lib/thumb/v7e-m+fp/hard\libc_nano.a(lib_a-stdio.o)
                0x00000000080077f6                __swrite
 .text.__sseek  0x000000000800782e       0x24 c:/st/stm32cubeide_1.5.0/stm32cubeide/plugins/com.st.stm32cube.ide.mcu.externaltools.gnu-tools-for-stm32.9-2020-q2-update.win32_1.5.0.202011040924/tools/bin/../lib/gcc/arm-none-eabi/9.3.1/../../../../arm-none-eabi/lib/thumb/v7e-m+fp/hard\libc_nano.a(lib_a-stdio.o)
                0x000000000800782e                __sseek
 .text.__sclose
                0x0000000008007852        0x8 c:/st/stm32cubeide_1.5.0/stm32cubeide/plugins/com.st.stm32cube.ide.mcu.externaltools.gnu-tools-for-stm32.9-2020-q2-update.win32_1.5.0.202011040924/tools/bin/../lib/gcc/arm-none-eabi/9.3.1/../../../../arm-none-eabi/lib/thumb/v7e-m+fp/hard\libc_nano.a(lib_a-stdio.o)
                0x0000000008007852                __sclose
 *fill*         0x000000000800785a        0x2 
 .text.__swbuf_r
                0x000000000800785c       0xa4 c:/st/stm32cubeide_1.5.0/stm32cubeide/plugins/com.st.stm32cube.ide.mcu.externaltools.gnu-tools-for-stm32.9-2020-q2-update.win32_1.5.0.202011040924/tools/bin/../lib/gcc/arm-none-eabi/9.3.1/../../../../arm-none-eabi/lib/thumb/v7e-m+fp/hard\libc_nano.a(lib_a-wbuf.o)
                0x000000000800785c                __swbuf_r
 .text._write_r
                0x0000000008007900       0x24 c:/st/stm32cubeide_1.5.0/stm32cubeide/plugins/com.st.stm32cube.ide.mcu.externaltools.gnu-tools-for-stm32.9-2020-q2-update.win32_1.5.0.202011040924/tools/bin/../lib/gcc/arm-none-eabi/9.3.1/../../../../arm-none-eabi/lib/thumb/v7e-m+fp/hard\libc_nano.a(lib_a-writer.o)
                0x0000000008007900                _write_r
 .text.__swsetup_r
                0x0000000008007924       0xdc c:/st/stm32cubeide_1.5.0/stm32cubeide/plugins/com.st.stm32cube.ide.mcu.externaltools.gnu-tools-for-stm32.9-2020-q2-update.win32_1.5.0.202011040924/tools/bin/../lib/gcc/arm-none-eabi/9.3.1/../../../../arm-none-eabi/lib/thumb/v7e-m+fp/hard\libc_nano.a(lib_a-wsetup.o)
                0x0000000008007924                __swsetup_r
 .text._close_r
                0x0000000008007a00       0x20 c:/st/stm32cubeide_1.5.0/stm32cubeide/plugins/com.st.stm32cube.ide.mcu.externaltools.gnu-tools-for-stm32.9-2020-q2-update.win32_1.5.0.202011040924/tools/bin/../lib/gcc/arm-none-eabi/9.3.1/../../../../arm-none-eabi/lib/thumb/v7e-m+fp/hard\libc_nano.a(lib_a-closer.o)
                0x0000000008007a00                _close_r
 .text.__sflush_r
                0x0000000008007a20      0x10c c:/st/stm32cubeide_1.5.0/stm32cubeide/plugins/com.st.stm32cube.ide.mcu.externaltools.gnu-tools-for-stm32.9-2020-q2-update.win32_1.5.0.202011040924/tools/bin/../lib/gcc/arm-none-eabi/9.3.1/../../../../arm-none-eabi/lib/thumb/v7e-m+fp/hard\libc_nano.a(lib_a-fflush.o)
                0x0000000008007a20                __sflush_r
 .text._fflush_r
                0x0000000008007b2c       0x78 c:/st/stm32cubeide_1.5.0/stm32cubeide/plugins/com.st.stm32cube.ide.mcu.externaltools.gnu-tools-for-stm32.9-2020-q2-update.win32_1.5.0.202011040924/tools/bin/../lib/gcc/arm-none-eabi/9.3.1/../../../../arm-none-eabi/lib/thumb/v7e-m+fp/hard\libc_nano.a(lib_a-fflush.o)
                0x0000000008007b2c                _fflush_r
 .text._lseek_r
                0x0000000008007ba4       0x24 c:/st/stm32cubeide_1.5.0/stm32cubeide/plugins/com.st.stm32cube.ide.mcu.externaltools.gnu-tools-for-stm32.9-2020-q2-update.win32_1.5.0.202011040924/tools/bin/../lib/gcc/arm-none-eabi/9.3.1/../../../../arm-none-eabi/lib/thumb/v7e-m+fp/hard\libc_nano.a(lib_a-lseekr.o)
                0x0000000008007ba4                _lseek_r
 .text.__swhatbuf_r
                0x0000000008007bc8       0x48 c:/st/stm32cubeide_1.5.0/stm32cubeide/plugins/com.st.stm32cube.ide.mcu.externaltools.gnu-tools-for-stm32.9-2020-q2-update.win32_1.5.0.202011040924/tools/bin/../lib/gcc/arm-none-eabi/9.3.1/../../../../arm-none-eabi/lib/thumb/v7e-m+fp/hard\libc_nano.a(lib_a-makebuf.o)
                0x0000000008007bc8                __swhatbuf_r
 .text.__smakebuf_r
                0x0000000008007c10       0x80 c:/st/stm32cubeide_1.5.0/stm32cubeide/plugins/com.st.stm32cube.ide.mcu.externaltools.gnu-tools-for-stm32.9-2020-q2-update.win32_1.5.0.202011040924/tools/bin/../lib/gcc/arm-none-eabi/9.3.1/../../../../arm-none-eabi/lib/thumb/v7e-m+fp/hard\libc_nano.a(lib_a-makebuf.o)
                0x0000000008007c10                __smakebuf_r
 .text.__malloc_lock
                0x0000000008007c90        0xc c:/st/stm32cubeide_1.5.0/stm32cubeide/plugins/com.st.stm32cube.ide.mcu.externaltools.gnu-tools-for-stm32.9-2020-q2-update.win32_1.5.0.202011040924/tools/bin/../lib/gcc/arm-none-eabi/9.3.1/../../../../arm-none-eabi/lib/thumb/v7e-m+fp/hard\libc_nano.a(lib_a-mlock.o)
                0x0000000008007c90                __malloc_lock
 .text.__malloc_unlock
                0x0000000008007c9c        0xc c:/st/stm32cubeide_1.5.0/stm32cubeide/plugins/com.st.stm32cube.ide.mcu.externaltools.gnu-tools-for-stm32.9-2020-q2-update.win32_1.5.0.202011040924/tools/bin/../lib/gcc/arm-none-eabi/9.3.1/../../../../arm-none-eabi/lib/thumb/v7e-m+fp/hard\libc_nano.a(lib_a-mlock.o)
                0x0000000008007c9c                __malloc_unlock
 .text._free_r  0x0000000008007ca8       0xa0 c:/st/stm32cubeide_1.5.0/stm32cubeide/plugins/com.st.stm32cube.ide.mcu.externaltools.gnu-tools-for-stm32.9-2020-q2-update.win32_1.5.0.202011040924/tools/bin/../lib/gcc/arm-none-eabi/9.3.1/../../../../arm-none-eabi/lib/thumb/v7e-m+fp/hard\libc_nano.a(lib_a-nano-freer.o)
                0x0000000008007ca8                _free_r
 .text._read_r  0x0000000008007d48       0x24 c:/st/stm32cubeide_1.5.0/stm32cubeide/plugins/com.st.stm32cube.ide.mcu.externaltools.gnu-tools-for-stm32.9-2020-q2-update.win32_1.5.0.202011040924/tools/bin/../lib/gcc/arm-none-eabi/9.3.1/../../../../arm-none-eabi/lib/thumb/v7e-m+fp/hard\libc_nano.a(lib_a-readr.o)
                0x0000000008007d48                _read_r
 .text._fstat_r
                0x0000000008007d6c       0x24 c:/st/stm32cubeide_1.5.0/stm32cubeide/plugins/com.st.stm32cube.ide.mcu.externaltools.gnu-tools-for-stm32.9-2020-q2-update.win32_1.5.0.202011040924/tools/bin/../lib/gcc/arm-none-eabi/9.3.1/../../../../arm-none-eabi/lib/thumb/v7e-m+fp/hard\libc_nano.a(lib_a-fstatr.o)
                0x0000000008007d6c                _fstat_r
 .text._isatty_r
                0x0000000008007d90       0x20 c:/st/stm32cubeide_1.5.0/stm32cubeide/plugins/com.st.stm32cube.ide.mcu.externaltools.gnu-tools-for-stm32.9-2020-q2-update.win32_1.5.0.202011040924/tools/bin/../lib/gcc/arm-none-eabi/9.3.1/../../../../arm-none-eabi/lib/thumb/v7e-m+fp/hard\libc_nano.a(lib_a-isattyr.o)
                0x0000000008007d90                _isatty_r
 *(.glue_7)
 .glue_7        0x0000000008007db0        0x0 linker stubs
 *(.glue_7t)
 .glue_7t       0x0000000008007db0        0x0 linker stubs
 *(.eh_frame)
 .eh_frame      0x0000000008007db0        0x0 c:/st/stm32cubeide_1.5.0/stm32cubeide/plugins/com.st.stm32cube.ide.mcu.externaltools.gnu-tools-for-stm32.9-2020-q2-update.win32_1.5.0.202011040924/tools/bin/../lib/gcc/arm-none-eabi/9.3.1/thumb/v7e-m+fp/hard/crtbegin.o
 *(.init)
 .init          0x0000000008007db0        0x4 c:/st/stm32cubeide_1.5.0/stm32cubeide/plugins/com.st.stm32cube.ide.mcu.externaltools.gnu-tools-for-stm32.9-2020-q2-update.win32_1.5.0.202011040924/tools/bin/../lib/gcc/arm-none-eabi/9.3.1/thumb/v7e-m+fp/hard/crti.o
                0x0000000008007db0                _init
 .init          0x0000000008007db4        0x8 c:/st/stm32cubeide_1.5.0/stm32cubeide/plugins/com.st.stm32cube.ide.mcu.externaltools.gnu-tools-for-stm32.9-2020-q2-update.win32_1.5.0.202011040924/tools/bin/../lib/gcc/arm-none-eabi/9.3.1/thumb/v7e-m+fp/hard/crtn.o
 *(.fini)
 .fini          0x0000000008007dbc        0x4 c:/st/stm32cubeide_1.5.0/stm32cubeide/plugins/com.st.stm32cube.ide.mcu.externaltools.gnu-tools-for-stm32.9-2020-q2-update.win32_1.5.0.202011040924/tools/bin/../lib/gcc/arm-none-eabi/9.3.1/thumb/v7e-m+fp/hard/crti.o
                0x0000000008007dbc                _fini
 .fini          0x0000000008007dc0        0x8 c:/st/stm32cubeide_1.5.0/stm32cubeide/plugins/com.st.stm32cube.ide.mcu.externaltools.gnu-tools-for-stm32.9-2020-q2-update.win32_1.5.0.202011040924/tools/bin/../lib/gcc/arm-none-eabi/9.3.1/thumb/v7e-m+fp/hard/crtn.o
                0x0000000008007dc8                . = ALIGN (0x4)
                0x0000000008007dc8                _etext = .

.vfp11_veneer   0x0000000008007dc8        0x0
 .vfp11_veneer  0x0000000008007dc8        0x0 linker stubs

.v4_bx          0x0000000008007dc8        0x0
 .v4_bx         0x0000000008007dc8        0x0 linker stubs

.iplt           0x0000000008007dc8        0x0
 .iplt          0x0000000008007dc8        0x0 c:/st/stm32cubeide_1.5.0/stm32cubeide/plugins/com.st.stm32cube.ide.mcu.externaltools.gnu-tools-for-stm32.9-2020-q2-update.win32_1.5.0.202011040924/tools/bin/../lib/gcc/arm-none-eabi/9.3.1/thumb/v7e-m+fp/hard/crtbegin.o

.rodata         0x0000000008007dc8       0xdc
                0x0000000008007dc8                . = ALIGN (0x4)
 *(.rodata)
 .rodata        0x0000000008007dc8        0x9 Core/Src/main.o
 *(.rodata*)
 *fill*         0x0000000008007dd1        0x3 
 .rodata.AHBPrescTable
                0x0000000008007dd4       0x10 Core/Src/system_stm32f3xx.o
                0x0000000008007dd4                AHBPrescTable
 .rodata.APBPrescTable
                0x0000000008007de4        0x8 Core/Src/system_stm32f3xx.o
                0x0000000008007de4                APBPrescTable
 .rodata.aPLLMULFactorTable
                0x0000000008007dec       0x10 Drivers/STM32F3xx_HAL_Driver/Src/stm32f3xx_hal_rcc.o
                0x0000000008007dec                aPLLMULFactorTable
 .rodata.aPredivFactorTable
                0x0000000008007dfc       0x10 Drivers/STM32F3xx_HAL_Driver/Src/stm32f3xx_hal_rcc.o
                0x0000000008007dfc                aPredivFactorTable
 .rodata._global_impure_ptr
                0x0000000008007e0c        0x4 c:/st/stm32cubeide_1.5.0/stm32cubeide/plugins/com.st.stm32cube.ide.mcu.externaltools.gnu-tools-for-stm32.9-2020-q2-update.win32_1.5.0.202011040924/tools/bin/../lib/gcc/arm-none-eabi/9.3.1/../../../../arm-none-eabi/lib/thumb/v7e-m+fp/hard\libc_nano.a(lib_a-impure.o)
                0x0000000008007e0c                _global_impure_ptr
 .rodata.__sf_fake_stderr
                0x0000000008007e10       0x20 c:/st/stm32cubeide_1.5.0/stm32cubeide/plugins/com.st.stm32cube.ide.mcu.externaltools.gnu-tools-for-stm32.9-2020-q2-update.win32_1.5.0.202011040924/tools/bin/../lib/gcc/arm-none-eabi/9.3.1/../../../../arm-none-eabi/lib/thumb/v7e-m+fp/hard\libc_nano.a(lib_a-findfp.o)
                0x0000000008007e10                __sf_fake_stderr
 .rodata.__sf_fake_stdin
                0x0000000008007e30       0x20 c:/st/stm32cubeide_1.5.0/stm32cubeide/plugins/com.st.stm32cube.ide.mcu.externaltools.gnu-tools-for-stm32.9-2020-q2-update.win32_1.5.0.202011040924/tools/bin/../lib/gcc/arm-none-eabi/9.3.1/../../../../arm-none-eabi/lib/thumb/v7e-m+fp/hard\libc_nano.a(lib_a-findfp.o)
                0x0000000008007e30                __sf_fake_stdin
 .rodata.__sf_fake_stdout
                0x0000000008007e50       0x20 c:/st/stm32cubeide_1.5.0/stm32cubeide/plugins/com.st.stm32cube.ide.mcu.externaltools.gnu-tools-for-stm32.9-2020-q2-update.win32_1.5.0.202011040924/tools/bin/../lib/gcc/arm-none-eabi/9.3.1/../../../../arm-none-eabi/lib/thumb/v7e-m+fp/hard\libc_nano.a(lib_a-findfp.o)
                0x0000000008007e50                __sf_fake_stdout
 .rodata._vfprintf_r.str1.1
                0x0000000008007e70       0x11 c:/st/stm32cubeide_1.5.0/stm32cubeide/plugins/com.st.stm32cube.ide.mcu.externaltools.gnu-tools-for-stm32.9-2020-q2-update.win32_1.5.0.202011040924/tools/bin/../lib/gcc/arm-none-eabi/9.3.1/../../../../arm-none-eabi/lib/thumb/v7e-m+fp/hard\libc_nano.a(lib_a-nano-vfprintf.o)
 .rodata._printf_i.str1.1
                0x0000000008007e81       0x22 c:/st/stm32cubeide_1.5.0/stm32cubeide/plugins/com.st.stm32cube.ide.mcu.externaltools.gnu-tools-for-stm32.9-2020-q2-update.win32_1.5.0.202011040924/tools/bin/../lib/gcc/arm-none-eabi/9.3.1/../../../../arm-none-eabi/lib/thumb/v7e-m+fp/hard\libc_nano.a(lib_a-nano-vfprintf_i.o)
                0x0000000008007ea4                . = ALIGN (0x4)
 *fill*         0x0000000008007ea3        0x1 

.rel.dyn        0x0000000008007ea4        0x0
 .rel.iplt      0x0000000008007ea4        0x0 c:/st/stm32cubeide_1.5.0/stm32cubeide/plugins/com.st.stm32cube.ide.mcu.externaltools.gnu-tools-for-stm32.9-2020-q2-update.win32_1.5.0.202011040924/tools/bin/../lib/gcc/arm-none-eabi/9.3.1/thumb/v7e-m+fp/hard/crtbegin.o

.ARM.extab      0x0000000008007ea4        0x0
                0x0000000008007ea4                . = ALIGN (0x4)
 *(.ARM.extab* .gnu.linkonce.armextab.*)
                0x0000000008007ea4                . = ALIGN (0x4)

.ARM            0x0000000008007ea4        0x0
                0x0000000008007ea4                . = ALIGN (0x4)
                0x0000000008007ea4                __exidx_start = .
 *(.ARM.exidx*)
                0x0000000008007ea4                __exidx_end = .
                0x0000000008007ea4                . = ALIGN (0x4)

.preinit_array  0x0000000008007ea4        0x0
                0x0000000008007ea4                . = ALIGN (0x4)
                0x0000000008007ea4                PROVIDE (__preinit_array_start = .)
 *(.preinit_array*)
                0x0000000008007ea4                PROVIDE (__preinit_array_end = .)
                0x0000000008007ea4                . = ALIGN (0x4)

.init_array     0x0000000008007ea4        0x4
                0x0000000008007ea4                . = ALIGN (0x4)
                0x0000000008007ea4                PROVIDE (__init_array_start = .)
 *(SORT_BY_NAME(.init_array.*))
 *(.init_array*)
 .init_array    0x0000000008007ea4        0x4 c:/st/stm32cubeide_1.5.0/stm32cubeide/plugins/com.st.stm32cube.ide.mcu.externaltools.gnu-tools-for-stm32.9-2020-q2-update.win32_1.5.0.202011040924/tools/bin/../lib/gcc/arm-none-eabi/9.3.1/thumb/v7e-m+fp/hard/crtbegin.o
                0x0000000008007ea8                PROVIDE (__init_array_end = .)
                0x0000000008007ea8                . = ALIGN (0x4)

.fini_array     0x0000000008007ea8        0x4
                0x0000000008007ea8                . = ALIGN (0x4)
                [!provide]                        PROVIDE (__fini_array_start = .)
 *(SORT_BY_NAME(.fini_array.*))
 *(.fini_array*)
 .fini_array    0x0000000008007ea8        0x4 c:/st/stm32cubeide_1.5.0/stm32cubeide/plugins/com.st.stm32cube.ide.mcu.externaltools.gnu-tools-for-stm32.9-2020-q2-update.win32_1.5.0.202011040924/tools/bin/../lib/gcc/arm-none-eabi/9.3.1/thumb/v7e-m+fp/hard/crtbegin.o
                [!provide]                        PROVIDE (__fini_array_end = .)
                0x0000000008007eac                . = ALIGN (0x4)
                0x0000000008007eac                _sidata = LOADADDR (.data)

.data           0x0000000020000000       0x74 load address 0x0000000008007eac
                0x0000000020000000                . = ALIGN (0x4)
                0x0000000020000000                _sdata = .
 *(.data)
 *(.data*)
 .data.Slaveboard1_dev_id1
                0x0000000020000000        0x2 Core/Src/main.o
                0x0000000020000000                Slaveboard1_dev_id1
 *fill*         0x0000000020000002        0x2 
 .data.SystemCoreClock
                0x0000000020000004        0x4 Core/Src/system_stm32f3xx.o
                0x0000000020000004                SystemCoreClock
 .data.uwTickPrio
                0x0000000020000008        0x4 Drivers/STM32F3xx_HAL_Driver/Src/stm32f3xx_hal.o
                0x0000000020000008                uwTickPrio
 .data.uwTickFreq
                0x000000002000000c        0x1 Drivers/STM32F3xx_HAL_Driver/Src/stm32f3xx_hal.o
                0x000000002000000c                uwTickFreq
 *fill*         0x000000002000000d        0x3 
 .data._impure_ptr
                0x0000000020000010        0x4 c:/st/stm32cubeide_1.5.0/stm32cubeide/plugins/com.st.stm32cube.ide.mcu.externaltools.gnu-tools-for-stm32.9-2020-q2-update.win32_1.5.0.202011040924/tools/bin/../lib/gcc/arm-none-eabi/9.3.1/../../../../arm-none-eabi/lib/thumb/v7e-m+fp/hard\libc_nano.a(lib_a-impure.o)
                0x0000000020000010                _impure_ptr
 .data.impure_data
                0x0000000020000014       0x60 c:/st/stm32cubeide_1.5.0/stm32cubeide/plugins/com.st.stm32cube.ide.mcu.externaltools.gnu-tools-for-stm32.9-2020-q2-update.win32_1.5.0.202011040924/tools/bin/../lib/gcc/arm-none-eabi/9.3.1/../../../../arm-none-eabi/lib/thumb/v7e-m+fp/hard\libc_nano.a(lib_a-impure.o)
 *(.RamFunc)
 *(.RamFunc*)
                0x0000000020000074                . = ALIGN (0x4)
                0x0000000020000074                _edata = .

.igot.plt       0x0000000020000074        0x0 load address 0x0000000008007f20
 .igot.plt      0x0000000020000074        0x0 c:/st/stm32cubeide_1.5.0/stm32cubeide/plugins/com.st.stm32cube.ide.mcu.externaltools.gnu-tools-for-stm32.9-2020-q2-update.win32_1.5.0.202011040924/tools/bin/../lib/gcc/arm-none-eabi/9.3.1/thumb/v7e-m+fp/hard/crtbegin.o
                0x0000000020000074                . = ALIGN (0x4)

.bss            0x0000000020000074      0xb8c load address 0x0000000008007f20
                0x0000000020000074                _sbss = .
                0x0000000020000074                __bss_start__ = _sbss
 *(.bss)
 .bss           0x0000000020000074       0x1c c:/st/stm32cubeide_1.5.0/stm32cubeide/plugins/com.st.stm32cube.ide.mcu.externaltools.gnu-tools-for-stm32.9-2020-q2-update.win32_1.5.0.202011040924/tools/bin/../lib/gcc/arm-none-eabi/9.3.1/thumb/v7e-m+fp/hard/crtbegin.o
 *(.bss*)
 .bss.HAL_RCC_ADC12_CLK_ENABLED
                0x0000000020000090        0x4 Core/Src/adc.o
 .bss.HAL_RCC_ADC34_CLK_ENABLED
                0x0000000020000094        0x4 Core/Src/adc.o
 .bss.__sbrk_heap_end
                0x0000000020000098        0x4 Core/Src/sysmem.o
 .bss.__malloc_free_list
                0x000000002000009c        0x4 c:/st/stm32cubeide_1.5.0/stm32cubeide/plugins/com.st.stm32cube.ide.mcu.externaltools.gnu-tools-for-stm32.9-2020-q2-update.win32_1.5.0.202011040924/tools/bin/../lib/gcc/arm-none-eabi/9.3.1/../../../../arm-none-eabi/lib/thumb/v7e-m+fp/hard\libc_nano.a(lib_a-nano-mallocr.o)
                0x000000002000009c                __malloc_free_list
 .bss.__malloc_sbrk_start
                0x00000000200000a0        0x4 c:/st/stm32cubeide_1.5.0/stm32cubeide/plugins/com.st.stm32cube.ide.mcu.externaltools.gnu-tools-for-stm32.9-2020-q2-update.win32_1.5.0.202011040924/tools/bin/../lib/gcc/arm-none-eabi/9.3.1/../../../../arm-none-eabi/lib/thumb/v7e-m+fp/hard\libc_nano.a(lib_a-nano-mallocr.o)
                0x00000000200000a0                __malloc_sbrk_start
 *(COMMON)
 COMMON         0x00000000200000a4      0x250 Core/Src/adc.o
                0x00000000200000a4                hdma_adc4
                0x00000000200000e8                hadc2
                0x0000000020000138                hdma_adc3
                0x000000002000017c                hadc1
                0x00000000200001cc                hadc3
                0x000000002000021c                hdma_adc1
                0x0000000020000260                hadc4
                0x00000000200002b0                hdma_adc2
 COMMON         0x00000000200002f4      0x810 Core/Src/main.o
                0x00000000200002f4                ADC1Channel7
                0x00000000200002f8                ADC4Channel4
                0x00000000200002fc                ADC3_Value
                0x0000000020000554                j
                0x0000000020000558                ADC1Channel6
                0x000000002000055c                ADC2Channel3
                0x0000000020000560                ADC1Channel4
                0x0000000020000564                ADC2Channel2
                0x0000000020000568                ADC3Channel14
                0x000000002000056c                ADC3Channel2
                0x0000000020000570                ADC4Channel1
                0x0000000020000574                ADC4_Value
                0x000000002000068c                ADC3Channel11
                0x0000000020000690                ADC1Channel1
                0x0000000020000694                ADC3Channel5
                0x0000000020000698                ADC1Channel11
                0x000000002000069c                ADCconvert_Value
                0x00000000200006f0                ADC1Channel8
                0x00000000200006f4                ADC3Channel4
                0x00000000200006f8                ADC1Channel10
                0x00000000200006fc                ADC3Channel10
                0x0000000020000700                ADC4Channel5
                0x0000000020000704                ADC2_Value
                0x000000002000081c                ADC3Channel8
                0x0000000020000820                i
                0x0000000020000824                ADC2Channel6
                0x0000000020000828                ADC2Channel4
                0x000000002000082c                ADC3Channel9
                0x0000000020000830                ADC1Channel3
                0x0000000020000834                ADC2Channel7
                0x0000000020000838                ADC4Channel3
                0x000000002000083c                ADC3Channel6
                0x0000000020000840                ADC3Channel12
                0x0000000020000844                ADC3Channel15
                0x0000000020000848                ADC4Channel6
                0x000000002000084c                ADC4Channel7
                0x0000000020000850                ADC1Channel5
                0x0000000020000854                midvalue
                0x0000000020000858                ADC3Channel7
                0x000000002000085c                ADCsum_Value
                0x0000000020000900                ADC2Channel5
                0x0000000020000904                ADC2Channel1
                0x0000000020000908                ADC3Channel1
                0x000000002000090c                ADC4Channel2
                0x0000000020000910                uhADCxConvertedValue
                0x000000002000093c                ADC1Channel9
                0x0000000020000940                ADC3Channel13
                0x0000000020000944                ADC1Channel2
                0x0000000020000948                ADC1_Value
                0x0000000020000b00                ADC3Channel3
 COMMON         0x0000000020000b04       0x64 Core/Src/spi.o
                0x0000000020000b04                hspi3
 COMMON         0x0000000020000b68       0x84 Core/Src/usart.o
                0x0000000020000b68                huart2
 COMMON         0x0000000020000bec        0x4 Drivers/STM32F3xx_HAL_Driver/Src/stm32f3xx_hal.o
                0x0000000020000bec                uwTick
 COMMON         0x0000000020000bf0        0x9 c:/st/stm32cubeide_1.5.0/stm32cubeide/plugins/com.st.stm32cube.ide.mcu.externaltools.gnu-tools-for-stm32.9-2020-q2-update.win32_1.5.0.202011040924/tools/bin/../lib/gcc/arm-none-eabi/9.3.1/../../../../arm-none-eabi/lib/thumb/v7e-m+fp/hard\libc_nano.a(lib_a-lock.o)
                0x0000000020000bf0                __lock___atexit_recursive_mutex
                0x0000000020000bf1                __lock___arc4random_mutex
                0x0000000020000bf2                __lock___env_recursive_mutex
                0x0000000020000bf3                __lock___sinit_recursive_mutex
                0x0000000020000bf4                __lock___malloc_recursive_mutex
                0x0000000020000bf5                __lock___at_quick_exit_mutex
                0x0000000020000bf6                __lock___dd_hash_mutex
                0x0000000020000bf7                __lock___tz_mutex
                0x0000000020000bf8                __lock___sfp_recursive_mutex
 *fill*         0x0000000020000bf9        0x3 
 COMMON         0x0000000020000bfc        0x4 c:/st/stm32cubeide_1.5.0/stm32cubeide/plugins/com.st.stm32cube.ide.mcu.externaltools.gnu-tools-for-stm32.9-2020-q2-update.win32_1.5.0.202011040924/tools/bin/../lib/gcc/arm-none-eabi/9.3.1/../../../../arm-none-eabi/lib/thumb/v7e-m+fp/hard\libc_nano.a(lib_a-reent.o)
                0x0000000020000bfc                errno
                0x0000000020000c00                . = ALIGN (0x4)
                0x0000000020000c00                _ebss = .
                0x0000000020000c00                __bss_end__ = _ebss

._user_heap_stack
                0x0000000020000c00      0x600 load address 0x0000000008007f20
                0x0000000020000c00                . = ALIGN (0x8)
                [!provide]                        PROVIDE (end = .)
                0x0000000020000c00                PROVIDE (_end = .)
                0x0000000020000e00                . = (. + _Min_Heap_Size)
 *fill*         0x0000000020000c00      0x200 
                0x0000000020001200                . = (. + _Min_Stack_Size)
 *fill*         0x0000000020000e00      0x400 
                0x0000000020001200                . = ALIGN (0x8)

/DISCARD/
 libc.a(*)
 libm.a(*)
 libgcc.a(*)

.ARM.attributes
                0x0000000000000000       0x30
 *(.ARM.attributes)
 .ARM.attributes
                0x0000000000000000       0x1e c:/st/stm32cubeide_1.5.0/stm32cubeide/plugins/com.st.stm32cube.ide.mcu.externaltools.gnu-tools-for-stm32.9-2020-q2-update.win32_1.5.0.202011040924/tools/bin/../lib/gcc/arm-none-eabi/9.3.1/thumb/v7e-m+fp/hard/crti.o
 .ARM.attributes
                0x000000000000001e       0x34 c:/st/stm32cubeide_1.5.0/stm32cubeide/plugins/com.st.stm32cube.ide.mcu.externaltools.gnu-tools-for-stm32.9-2020-q2-update.win32_1.5.0.202011040924/tools/bin/../lib/gcc/arm-none-eabi/9.3.1/thumb/v7e-m+fp/hard/crtbegin.o
 .ARM.attributes
                0x0000000000000052       0x34 Core/Src/adc.o
 .ARM.attributes
                0x0000000000000086       0x34 Core/Src/dma.o
 .ARM.attributes
                0x00000000000000ba       0x34 Core/Src/gpio.o
 .ARM.attributes
                0x00000000000000ee       0x34 Core/Src/main.o
 .ARM.attributes
                0x0000000000000122       0x34 Core/Src/spi.o
 .ARM.attributes
                0x0000000000000156       0x34 Core/Src/stm32f3xx_hal_msp.o
 .ARM.attributes
                0x000000000000018a       0x34 Core/Src/stm32f3xx_it.o
 .ARM.attributes
                0x00000000000001be       0x34 Core/Src/syscalls.o
 .ARM.attributes
                0x00000000000001f2       0x34 Core/Src/sysmem.o
 .ARM.attributes
                0x0000000000000226       0x34 Core/Src/system_stm32f3xx.o
 .ARM.attributes
                0x000000000000025a       0x34 Core/Src/usart.o
 .ARM.attributes
                0x000000000000028e       0x21 Core/Startup/startup_stm32f303zetx.o
 .ARM.attributes
                0x00000000000002af       0x34 Drivers/STM32F3xx_HAL_Driver/Src/stm32f3xx_hal.o
 .ARM.attributes
                0x00000000000002e3       0x34 Drivers/STM32F3xx_HAL_Driver/Src/stm32f3xx_hal_adc.o
 .ARM.attributes
                0x0000000000000317       0x34 Drivers/STM32F3xx_HAL_Driver/Src/stm32f3xx_hal_adc_ex.o
 .ARM.attributes
                0x000000000000034b       0x34 Drivers/STM32F3xx_HAL_Driver/Src/stm32f3xx_hal_cortex.o
 .ARM.attributes
                0x000000000000037f       0x34 Drivers/STM32F3xx_HAL_Driver/Src/stm32f3xx_hal_dma.o
 .ARM.attributes
                0x00000000000003b3       0x34 Drivers/STM32F3xx_HAL_Driver/Src/stm32f3xx_hal_gpio.o
 .ARM.attributes
                0x00000000000003e7       0x34 Drivers/STM32F3xx_HAL_Driver/Src/stm32f3xx_hal_rcc.o
 .ARM.attributes
                0x000000000000041b       0x34 Drivers/STM32F3xx_HAL_Driver/Src/stm32f3xx_hal_rcc_ex.o
 .ARM.attributes
                0x000000000000044f       0x34 Drivers/STM32F3xx_HAL_Driver/Src/stm32f3xx_hal_spi.o
 .ARM.attributes
                0x0000000000000483       0x34 Drivers/STM32F3xx_HAL_Driver/Src/stm32f3xx_hal_uart.o
 .ARM.attributes
                0x00000000000004b7       0x34 c:/st/stm32cubeide_1.5.0/stm32cubeide/plugins/com.st.stm32cube.ide.mcu.externaltools.gnu-tools-for-stm32.9-2020-q2-update.win32_1.5.0.202011040924/tools/bin/../lib/gcc/arm-none-eabi/9.3.1/../../../../arm-none-eabi/lib/thumb/v7e-m+fp/hard\libc_nano.a(lib_a-errno.o)
 .ARM.attributes
                0x00000000000004eb       0x32 c:/st/stm32cubeide_1.5.0/stm32cubeide/plugins/com.st.stm32cube.ide.mcu.externaltools.gnu-tools-for-stm32.9-2020-q2-update.win32_1.5.0.202011040924/tools/bin/../lib/gcc/arm-none-eabi/9.3.1/../../../../arm-none-eabi/lib/thumb/v7e-m+fp/hard\libc_nano.a(lib_a-impure.o)
 .ARM.attributes
                0x000000000000051d       0x34 c:/st/stm32cubeide_1.5.0/stm32cubeide/plugins/com.st.stm32cube.ide.mcu.externaltools.gnu-tools-for-stm32.9-2020-q2-update.win32_1.5.0.202011040924/tools/bin/../lib/gcc/arm-none-eabi/9.3.1/../../../../arm-none-eabi/lib/thumb/v7e-m+fp/hard\libc_nano.a(lib_a-init.o)
 .ARM.attributes
                0x0000000000000551       0x34 c:/st/stm32cubeide_1.5.0/stm32cubeide/plugins/com.st.stm32cube.ide.mcu.externaltools.gnu-tools-for-stm32.9-2020-q2-update.win32_1.5.0.202011040924/tools/bin/../lib/gcc/arm-none-eabi/9.3.1/../../../../arm-none-eabi/lib/thumb/v7e-m+fp/hard\libc_nano.a(lib_a-memset.o)
 .ARM.attributes
                0x0000000000000585       0x34 c:/st/stm32cubeide_1.5.0/stm32cubeide/plugins/com.st.stm32cube.ide.mcu.externaltools.gnu-tools-for-stm32.9-2020-q2-update.win32_1.5.0.202011040924/tools/bin/../lib/gcc/arm-none-eabi/9.3.1/../../../../arm-none-eabi/lib/thumb/v7e-m+fp/hard\libc_nano.a(lib_a-printf.o)
 .ARM.attributes
                0x00000000000005b9       0x34 c:/st/stm32cubeide_1.5.0/stm32cubeide/plugins/com.st.stm32cube.ide.mcu.externaltools.gnu-tools-for-stm32.9-2020-q2-update.win32_1.5.0.202011040924/tools/bin/../lib/gcc/arm-none-eabi/9.3.1/../../../../arm-none-eabi/lib/thumb/v7e-m+fp/hard\libc_nano.a(lib_a-findfp.o)
 .ARM.attributes
                0x00000000000005ed       0x34 c:/st/stm32cubeide_1.5.0/stm32cubeide/plugins/com.st.stm32cube.ide.mcu.externaltools.gnu-tools-for-stm32.9-2020-q2-update.win32_1.5.0.202011040924/tools/bin/../lib/gcc/arm-none-eabi/9.3.1/../../../../arm-none-eabi/lib/thumb/v7e-m+fp/hard\libc_nano.a(lib_a-fwalk.o)
 .ARM.attributes
                0x0000000000000621       0x34 c:/st/stm32cubeide_1.5.0/stm32cubeide/plugins/com.st.stm32cube.ide.mcu.externaltools.gnu-tools-for-stm32.9-2020-q2-update.win32_1.5.0.202011040924/tools/bin/../lib/gcc/arm-none-eabi/9.3.1/../../../../arm-none-eabi/lib/thumb/v7e-m+fp/hard\libc_nano.a(lib_a-lock.o)
 .ARM.attributes
                0x0000000000000655       0x34 c:/st/stm32cubeide_1.5.0/stm32cubeide/plugins/com.st.stm32cube.ide.mcu.externaltools.gnu-tools-for-stm32.9-2020-q2-update.win32_1.5.0.202011040924/tools/bin/../lib/gcc/arm-none-eabi/9.3.1/../../../../arm-none-eabi/lib/thumb/v7e-m+fp/hard\libc_nano.a(lib_a-nano-mallocr.o)
 .ARM.attributes
                0x0000000000000689       0x34 c:/st/stm32cubeide_1.5.0/stm32cubeide/plugins/com.st.stm32cube.ide.mcu.externaltools.gnu-tools-for-stm32.9-2020-q2-update.win32_1.5.0.202011040924/tools/bin/../lib/gcc/arm-none-eabi/9.3.1/../../../../arm-none-eabi/lib/thumb/v7e-m+fp/hard\libc_nano.a(lib_a-nano-vfprintf.o)
 .ARM.attributes
                0x00000000000006bd       0x34 c:/st/stm32cubeide_1.5.0/stm32cubeide/plugins/com.st.stm32cube.ide.mcu.externaltools.gnu-tools-for-stm32.9-2020-q2-update.win32_1.5.0.202011040924/tools/bin/../lib/gcc/arm-none-eabi/9.3.1/../../../../arm-none-eabi/lib/thumb/v7e-m+fp/hard\libc_nano.a(lib_a-nano-vfprintf_i.o)
 .ARM.attributes
                0x00000000000006f1       0x34 c:/st/stm32cubeide_1.5.0/stm32cubeide/plugins/com.st.stm32cube.ide.mcu.externaltools.gnu-tools-for-stm32.9-2020-q2-update.win32_1.5.0.202011040924/tools/bin/../lib/gcc/arm-none-eabi/9.3.1/../../../../arm-none-eabi/lib/thumb/v7e-m+fp/hard\libc_nano.a(lib_a-sbrkr.o)
 .ARM.attributes
                0x0000000000000725       0x34 c:/st/stm32cubeide_1.5.0/stm32cubeide/plugins/com.st.stm32cube.ide.mcu.externaltools.gnu-tools-for-stm32.9-2020-q2-update.win32_1.5.0.202011040924/tools/bin/../lib/gcc/arm-none-eabi/9.3.1/../../../../arm-none-eabi/lib/thumb/v7e-m+fp/hard\libc_nano.a(lib_a-stdio.o)
 .ARM.attributes
                0x0000000000000759       0x34 c:/st/stm32cubeide_1.5.0/stm32cubeide/plugins/com.st.stm32cube.ide.mcu.externaltools.gnu-tools-for-stm32.9-2020-q2-update.win32_1.5.0.202011040924/tools/bin/../lib/gcc/arm-none-eabi/9.3.1/../../../../arm-none-eabi/lib/thumb/v7e-m+fp/hard\libc_nano.a(lib_a-wbuf.o)
 .ARM.attributes
                0x000000000000078d       0x34 c:/st/stm32cubeide_1.5.0/stm32cubeide/plugins/com.st.stm32cube.ide.mcu.externaltools.gnu-tools-for-stm32.9-2020-q2-update.win32_1.5.0.202011040924/tools/bin/../lib/gcc/arm-none-eabi/9.3.1/../../../../arm-none-eabi/lib/thumb/v7e-m+fp/hard\libc_nano.a(lib_a-writer.o)
 .ARM.attributes
                0x00000000000007c1       0x34 c:/st/stm32cubeide_1.5.0/stm32cubeide/plugins/com.st.stm32cube.ide.mcu.externaltools.gnu-tools-for-stm32.9-2020-q2-update.win32_1.5.0.202011040924/tools/bin/../lib/gcc/arm-none-eabi/9.3.1/../../../../arm-none-eabi/lib/thumb/v7e-m+fp/hard\libc_nano.a(lib_a-wsetup.o)
 .ARM.attributes
                0x00000000000007f5       0x34 c:/st/stm32cubeide_1.5.0/stm32cubeide/plugins/com.st.stm32cube.ide.mcu.externaltools.gnu-tools-for-stm32.9-2020-q2-update.win32_1.5.0.202011040924/tools/bin/../lib/gcc/arm-none-eabi/9.3.1/../../../../arm-none-eabi/lib/thumb/v7e-m+fp/hard\libc_nano.a(lib_a-closer.o)
 .ARM.attributes
                0x0000000000000829       0x34 c:/st/stm32cubeide_1.5.0/stm32cubeide/plugins/com.st.stm32cube.ide.mcu.externaltools.gnu-tools-for-stm32.9-2020-q2-update.win32_1.5.0.202011040924/tools/bin/../lib/gcc/arm-none-eabi/9.3.1/../../../../arm-none-eabi/lib/thumb/v7e-m+fp/hard\libc_nano.a(lib_a-fflush.o)
 .ARM.attributes
                0x000000000000085d       0x34 c:/st/stm32cubeide_1.5.0/stm32cubeide/plugins/com.st.stm32cube.ide.mcu.externaltools.gnu-tools-for-stm32.9-2020-q2-update.win32_1.5.0.202011040924/tools/bin/../lib/gcc/arm-none-eabi/9.3.1/../../../../arm-none-eabi/lib/thumb/v7e-m+fp/hard\libc_nano.a(lib_a-lseekr.o)
 .ARM.attributes
                0x0000000000000891       0x34 c:/st/stm32cubeide_1.5.0/stm32cubeide/plugins/com.st.stm32cube.ide.mcu.externaltools.gnu-tools-for-stm32.9-2020-q2-update.win32_1.5.0.202011040924/tools/bin/../lib/gcc/arm-none-eabi/9.3.1/../../../../arm-none-eabi/lib/thumb/v7e-m+fp/hard\libc_nano.a(lib_a-makebuf.o)
 .ARM.attributes
                0x00000000000008c5       0x1c c:/st/stm32cubeide_1.5.0/stm32cubeide/plugins/com.st.stm32cube.ide.mcu.externaltools.gnu-tools-for-stm32.9-2020-q2-update.win32_1.5.0.202011040924/tools/bin/../lib/gcc/arm-none-eabi/9.3.1/../../../../arm-none-eabi/lib/thumb/v7e-m+fp/hard\libc_nano.a(lib_a-memchr.o)
 .ARM.attributes
                0x00000000000008e1       0x34 c:/st/stm32cubeide_1.5.0/stm32cubeide/plugins/com.st.stm32cube.ide.mcu.externaltools.gnu-tools-for-stm32.9-2020-q2-update.win32_1.5.0.202011040924/tools/bin/../lib/gcc/arm-none-eabi/9.3.1/../../../../arm-none-eabi/lib/thumb/v7e-m+fp/hard\libc_nano.a(lib_a-mlock.o)
 .ARM.attributes
                0x0000000000000915       0x34 c:/st/stm32cubeide_1.5.0/stm32cubeide/plugins/com.st.stm32cube.ide.mcu.externaltools.gnu-tools-for-stm32.9-2020-q2-update.win32_1.5.0.202011040924/tools/bin/../lib/gcc/arm-none-eabi/9.3.1/../../../../arm-none-eabi/lib/thumb/v7e-m+fp/hard\libc_nano.a(lib_a-nano-freer.o)
 .ARM.attributes
                0x0000000000000949       0x34 c:/st/stm32cubeide_1.5.0/stm32cubeide/plugins/com.st.stm32cube.ide.mcu.externaltools.gnu-tools-for-stm32.9-2020-q2-update.win32_1.5.0.202011040924/tools/bin/../lib/gcc/arm-none-eabi/9.3.1/../../../../arm-none-eabi/lib/thumb/v7e-m+fp/hard\libc_nano.a(lib_a-readr.o)
 .ARM.attributes
                0x000000000000097d       0x34 c:/st/stm32cubeide_1.5.0/stm32cubeide/plugins/com.st.stm32cube.ide.mcu.externaltools.gnu-tools-for-stm32.9-2020-q2-update.win32_1.5.0.202011040924/tools/bin/../lib/gcc/arm-none-eabi/9.3.1/../../../../arm-none-eabi/lib/thumb/v7e-m+fp/hard\libc_nano.a(lib_a-reent.o)
 .ARM.attributes
                0x00000000000009b1       0x34 c:/st/stm32cubeide_1.5.0/stm32cubeide/plugins/com.st.stm32cube.ide.mcu.externaltools.gnu-tools-for-stm32.9-2020-q2-update.win32_1.5.0.202011040924/tools/bin/../lib/gcc/arm-none-eabi/9.3.1/../../../../arm-none-eabi/lib/thumb/v7e-m+fp/hard\libc_nano.a(lib_a-fstatr.o)
 .ARM.attributes
                0x00000000000009e5       0x34 c:/st/stm32cubeide_1.5.0/stm32cubeide/plugins/com.st.stm32cube.ide.mcu.externaltools.gnu-tools-for-stm32.9-2020-q2-update.win32_1.5.0.202011040924/tools/bin/../lib/gcc/arm-none-eabi/9.3.1/../../../../arm-none-eabi/lib/thumb/v7e-m+fp/hard\libc_nano.a(lib_a-isattyr.o)
 .ARM.attributes
                0x0000000000000a19       0x1e c:/st/stm32cubeide_1.5.0/stm32cubeide/plugins/com.st.stm32cube.ide.mcu.externaltools.gnu-tools-for-stm32.9-2020-q2-update.win32_1.5.0.202011040924/tools/bin/../lib/gcc/arm-none-eabi/9.3.1/thumb/v7e-m+fp/hard/crtn.o
OUTPUT(F303ZE.elf elf32-littlearm)
LOAD linker stubs
LOAD c:/st/stm32cubeide_1.5.0/stm32cubeide/plugins/com.st.stm32cube.ide.mcu.externaltools.gnu-tools-for-stm32.9-2020-q2-update.win32_1.5.0.202011040924/tools/bin/../lib/gcc/arm-none-eabi/9.3.1/../../../../arm-none-eabi/lib/thumb/v7e-m+fp/hard\libc.a
LOAD c:/st/stm32cubeide_1.5.0/stm32cubeide/plugins/com.st.stm32cube.ide.mcu.externaltools.gnu-tools-for-stm32.9-2020-q2-update.win32_1.5.0.202011040924/tools/bin/../lib/gcc/arm-none-eabi/9.3.1/../../../../arm-none-eabi/lib/thumb/v7e-m+fp/hard\libm.a
LOAD c:/st/stm32cubeide_1.5.0/stm32cubeide/plugins/com.st.stm32cube.ide.mcu.externaltools.gnu-tools-for-stm32.9-2020-q2-update.win32_1.5.0.202011040924/tools/bin/../lib/gcc/arm-none-eabi/9.3.1/thumb/v7e-m+fp/hard\libgcc.a

.debug_info     0x0000000000000000    0x106d3
 .debug_info    0x0000000000000000      0xfe7 Core/Src/adc.o
 .debug_info    0x0000000000000fe7      0x49a Core/Src/dma.o
 .debug_info    0x0000000000001481      0x444 Core/Src/gpio.o
 .debug_info    0x00000000000018c5     0x1d9b Core/Src/main.o
 .debug_info    0x0000000000003660      0x947 Core/Src/spi.o
 .debug_info    0x0000000000003fa7      0x299 Core/Src/stm32f3xx_hal_msp.o
 .debug_info    0x0000000000004240      0x4c7 Core/Src/stm32f3xx_it.o
 .debug_info    0x0000000000004707      0xfb4 Core/Src/syscalls.o
 .debug_info    0x00000000000056bb      0xa25 Core/Src/sysmem.o
 .debug_info    0x00000000000060e0      0x49a Core/Src/system_stm32f3xx.o
 .debug_info    0x000000000000657a      0x9ef Core/Src/usart.o
 .debug_info    0x0000000000006f69       0x22 Core/Startup/startup_stm32f303zetx.o
 .debug_info    0x0000000000006f8b      0x86d Drivers/STM32F3xx_HAL_Driver/Src/stm32f3xx_hal.o
 .debug_info    0x00000000000077f8      0xc8d Drivers/STM32F3xx_HAL_Driver/Src/stm32f3xx_hal_adc.o
 .debug_info    0x0000000000008485     0x16c7 Drivers/STM32F3xx_HAL_Driver/Src/stm32f3xx_hal_adc_ex.o
 .debug_info    0x0000000000009b4c      0xe74 Drivers/STM32F3xx_HAL_Driver/Src/stm32f3xx_hal_cortex.o
 .debug_info    0x000000000000a9c0      0x839 Drivers/STM32F3xx_HAL_Driver/Src/stm32f3xx_hal_dma.o
 .debug_info    0x000000000000b1f9      0x83d Drivers/STM32F3xx_HAL_Driver/Src/stm32f3xx_hal_gpio.o
 .debug_info    0x000000000000ba36     0x15c6 Drivers/STM32F3xx_HAL_Driver/Src/stm32f3xx_hal_rcc.o
 .debug_info    0x000000000000cffc      0x716 Drivers/STM32F3xx_HAL_Driver/Src/stm32f3xx_hal_rcc_ex.o
 .debug_info    0x000000000000d712     0x17cb Drivers/STM32F3xx_HAL_Driver/Src/stm32f3xx_hal_spi.o
 .debug_info    0x000000000000eedd     0x17f6 Drivers/STM32F3xx_HAL_Driver/Src/stm32f3xx_hal_uart.o

.debug_abbrev   0x0000000000000000     0x2962
 .debug_abbrev  0x0000000000000000      0x1fb Core/Src/adc.o
 .debug_abbrev  0x00000000000001fb      0x126 Core/Src/dma.o
 .debug_abbrev  0x0000000000000321      0x14e Core/Src/gpio.o
 .debug_abbrev  0x000000000000046f      0x288 Core/Src/main.o
 .debug_abbrev  0x00000000000006f7      0x1bb Core/Src/spi.o
 .debug_abbrev  0x00000000000008b2      0x11d Core/Src/stm32f3xx_hal_msp.o
 .debug_abbrev  0x00000000000009cf      0x163 Core/Src/stm32f3xx_it.o
 .debug_abbrev  0x0000000000000b32      0x297 Core/Src/syscalls.o
 .debug_abbrev  0x0000000000000dc9      0x1bf Core/Src/sysmem.o
 .debug_abbrev  0x0000000000000f88      0x145 Core/Src/system_stm32f3xx.o
 .debug_abbrev  0x00000000000010cd      0x1bb Core/Src/usart.o
 .debug_abbrev  0x0000000000001288       0x12 Core/Startup/startup_stm32f303zetx.o
 .debug_abbrev  0x000000000000129a      0x1ed Drivers/STM32F3xx_HAL_Driver/Src/stm32f3xx_hal.o
 .debug_abbrev  0x0000000000001487      0x1a7 Drivers/STM32F3xx_HAL_Driver/Src/stm32f3xx_hal_adc.o
 .debug_abbrev  0x000000000000162e      0x253 Drivers/STM32F3xx_HAL_Driver/Src/stm32f3xx_hal_adc_ex.o
 .debug_abbrev  0x0000000000001881      0x33c Drivers/STM32F3xx_HAL_Driver/Src/stm32f3xx_hal_cortex.o
 .debug_abbrev  0x0000000000001bbd      0x228 Drivers/STM32F3xx_HAL_Driver/Src/stm32f3xx_hal_dma.o
 .debug_abbrev  0x0000000000001de5      0x1e8 Drivers/STM32F3xx_HAL_Driver/Src/stm32f3xx_hal_gpio.o
 .debug_abbrev  0x0000000000001fcd      0x2c4 Drivers/STM32F3xx_HAL_Driver/Src/stm32f3xx_hal_rcc.o
 .debug_abbrev  0x0000000000002291      0x23e Drivers/STM32F3xx_HAL_Driver/Src/stm32f3xx_hal_rcc_ex.o
 .debug_abbrev  0x00000000000024cf      0x254 Drivers/STM32F3xx_HAL_Driver/Src/stm32f3xx_hal_spi.o
 .debug_abbrev  0x0000000000002723      0x23f Drivers/STM32F3xx_HAL_Driver/Src/stm32f3xx_hal_uart.o

.debug_aranges  0x0000000000000000      0xca0
 .debug_aranges
                0x0000000000000000       0x48 Core/Src/adc.o
 .debug_aranges
                0x0000000000000048       0x20 Core/Src/dma.o
 .debug_aranges
                0x0000000000000068       0x20 Core/Src/gpio.o
 .debug_aranges
                0x0000000000000088       0x38 Core/Src/main.o
 .debug_aranges
                0x00000000000000c0       0x30 Core/Src/spi.o
 .debug_aranges
                0x00000000000000f0       0x20 Core/Src/stm32f3xx_hal_msp.o
 .debug_aranges
                0x0000000000000110       0x80 Core/Src/stm32f3xx_it.o
 .debug_aranges
                0x0000000000000190       0xa8 Core/Src/syscalls.o
 .debug_aranges
                0x0000000000000238       0x20 Core/Src/sysmem.o
 .debug_aranges
                0x0000000000000258       0x28 Core/Src/system_stm32f3xx.o
 .debug_aranges
                0x0000000000000280       0x30 Core/Src/usart.o
 .debug_aranges
                0x00000000000002b0       0x28 Core/Startup/startup_stm32f303zetx.o
 .debug_aranges
                0x00000000000002d8       0xe0 Drivers/STM32F3xx_HAL_Driver/Src/stm32f3xx_hal.o
 .debug_aranges
                0x00000000000003b8       0xc8 Drivers/STM32F3xx_HAL_Driver/Src/stm32f3xx_hal_adc.o
 .debug_aranges
                0x0000000000000480      0x168 Drivers/STM32F3xx_HAL_Driver/Src/stm32f3xx_hal_adc_ex.o
 .debug_aranges
                0x00000000000005e8      0x118 Drivers/STM32F3xx_HAL_Driver/Src/stm32f3xx_hal_cortex.o
 .debug_aranges
                0x0000000000000700       0x88 Drivers/STM32F3xx_HAL_Driver/Src/stm32f3xx_hal_dma.o
 .debug_aranges
                0x0000000000000788       0x58 Drivers/STM32F3xx_HAL_Driver/Src/stm32f3xx_hal_gpio.o
 .debug_aranges
                0x00000000000007e0       0x88 Drivers/STM32F3xx_HAL_Driver/Src/stm32f3xx_hal_rcc.o
 .debug_aranges
                0x0000000000000868       0x38 Drivers/STM32F3xx_HAL_Driver/Src/stm32f3xx_hal_rcc_ex.o
 .debug_aranges
                0x00000000000008a0      0x1d8 Drivers/STM32F3xx_HAL_Driver/Src/stm32f3xx_hal_spi.o
 .debug_aranges
                0x0000000000000a78      0x228 Drivers/STM32F3xx_HAL_Driver/Src/stm32f3xx_hal_uart.o

.debug_ranges   0x0000000000000000      0xb78
 .debug_ranges  0x0000000000000000       0x38 Core/Src/adc.o
 .debug_ranges  0x0000000000000038       0x10 Core/Src/dma.o
 .debug_ranges  0x0000000000000048       0x10 Core/Src/gpio.o
 .debug_ranges  0x0000000000000058       0x28 Core/Src/main.o
 .debug_ranges  0x0000000000000080       0x20 Core/Src/spi.o
 .debug_ranges  0x00000000000000a0       0x10 Core/Src/stm32f3xx_hal_msp.o
 .debug_ranges  0x00000000000000b0       0x70 Core/Src/stm32f3xx_it.o
 .debug_ranges  0x0000000000000120       0x98 Core/Src/syscalls.o
 .debug_ranges  0x00000000000001b8       0x10 Core/Src/sysmem.o
 .debug_ranges  0x00000000000001c8       0x18 Core/Src/system_stm32f3xx.o
 .debug_ranges  0x00000000000001e0       0x20 Core/Src/usart.o
 .debug_ranges  0x0000000000000200       0x20 Core/Startup/startup_stm32f303zetx.o
 .debug_ranges  0x0000000000000220       0xd0 Drivers/STM32F3xx_HAL_Driver/Src/stm32f3xx_hal.o
 .debug_ranges  0x00000000000002f0       0xb8 Drivers/STM32F3xx_HAL_Driver/Src/stm32f3xx_hal_adc.o
 .debug_ranges  0x00000000000003a8      0x158 Drivers/STM32F3xx_HAL_Driver/Src/stm32f3xx_hal_adc_ex.o
 .debug_ranges  0x0000000000000500      0x108 Drivers/STM32F3xx_HAL_Driver/Src/stm32f3xx_hal_cortex.o
 .debug_ranges  0x0000000000000608       0x78 Drivers/STM32F3xx_HAL_Driver/Src/stm32f3xx_hal_dma.o
 .debug_ranges  0x0000000000000680       0x48 Drivers/STM32F3xx_HAL_Driver/Src/stm32f3xx_hal_gpio.o
 .debug_ranges  0x00000000000006c8       0x78 Drivers/STM32F3xx_HAL_Driver/Src/stm32f3xx_hal_rcc.o
 .debug_ranges  0x0000000000000740       0x28 Drivers/STM32F3xx_HAL_Driver/Src/stm32f3xx_hal_rcc_ex.o
 .debug_ranges  0x0000000000000768      0x1c8 Drivers/STM32F3xx_HAL_Driver/Src/stm32f3xx_hal_spi.o
 .debug_ranges  0x0000000000000930      0x248 Drivers/STM32F3xx_HAL_Driver/Src/stm32f3xx_hal_uart.o

.debug_macro    0x0000000000000000    0x22b74
 .debug_macro   0x0000000000000000      0x205 Core/Src/adc.o
 .debug_macro   0x0000000000000205      0xaa8 Core/Src/adc.o
 .debug_macro   0x0000000000000cad      0x15d Core/Src/adc.o
 .debug_macro   0x0000000000000e0a       0x2e Core/Src/adc.o
 .debug_macro   0x0000000000000e38       0x28 Core/Src/adc.o
 .debug_macro   0x0000000000000e60       0x22 Core/Src/adc.o
 .debug_macro   0x0000000000000e82       0x8e Core/Src/adc.o
 .debug_macro   0x0000000000000f10       0x51 Core/Src/adc.o
 .debug_macro   0x0000000000000f61      0x103 Core/Src/adc.o
 .debug_macro   0x0000000000001064       0x6a Core/Src/adc.o
 .debug_macro   0x00000000000010ce      0x1df Core/Src/adc.o
 .debug_macro   0x00000000000012ad       0x1c Core/Src/adc.o
 .debug_macro   0x00000000000012c9       0x22 Core/Src/adc.o
 .debug_macro   0x00000000000012eb       0xdf Core/Src/adc.o
 .debug_macro   0x00000000000013ca     0x102d Core/Src/adc.o
 .debug_macro   0x00000000000023f7      0x11f Core/Src/adc.o
 .debug_macro   0x0000000000002516    0x15353 Core/Src/adc.o
 .debug_macro   0x0000000000017869       0x43 Core/Src/adc.o
 .debug_macro   0x00000000000178ac     0x35e9 Core/Src/adc.o
 .debug_macro   0x000000000001ae95      0x174 Core/Src/adc.o
 .debug_macro   0x000000000001b009       0x55 Core/Src/adc.o
 .debug_macro   0x000000000001b05e      0x954 Core/Src/adc.o
 .debug_macro   0x000000000001b9b2      0x84a Core/Src/adc.o
 .debug_macro   0x000000000001c1fc      0x12f Core/Src/adc.o
 .debug_macro   0x000000000001c32b      0x23a Core/Src/adc.o
 .debug_macro   0x000000000001c565      0x1ea Core/Src/adc.o
 .debug_macro   0x000000000001c74f      0x1bc Core/Src/adc.o
 .debug_macro   0x000000000001c90b       0x30 Core/Src/adc.o
 .debug_macro   0x000000000001c93b       0x3c Core/Src/adc.o
 .debug_macro   0x000000000001c977      0x236 Core/Src/adc.o
 .debug_macro   0x000000000001cbad      0x9fe Core/Src/adc.o
 .debug_macro   0x000000000001d5ab       0x77 Core/Src/adc.o
 .debug_macro   0x000000000001d622       0xc5 Core/Src/adc.o
 .debug_macro   0x000000000001d6e7      0x21d Core/Src/adc.o
 .debug_macro   0x000000000001d904      0x22c Core/Src/adc.o
 .debug_macro   0x000000000001db30       0x5b Core/Src/adc.o
 .debug_macro   0x000000000001db8b       0xa5 Core/Src/adc.o
 .debug_macro   0x000000000001dc30       0x81 Core/Src/adc.o
 .debug_macro   0x000000000001dcb1       0xd3 Core/Src/adc.o
 .debug_macro   0x000000000001dd84      0x2fe Core/Src/adc.o
 .debug_macro   0x000000000001e082      0x5a5 Core/Src/adc.o
 .debug_macro   0x000000000001e627       0x44 Core/Src/adc.o
 .debug_macro   0x000000000001e66b      0x347 Core/Src/adc.o
 .debug_macro   0x000000000001e9b2      0x205 Core/Src/dma.o
 .debug_macro   0x000000000001ebb7      0x205 Core/Src/gpio.o
 .debug_macro   0x000000000001edbc      0x3fa Core/Src/main.o
 .debug_macro   0x000000000001f1b6       0x52 Core/Src/main.o
 .debug_macro   0x000000000001f208       0x18 Core/Src/main.o
 .debug_macro   0x000000000001f220       0x3c Core/Src/main.o
 .debug_macro   0x000000000001f25c       0x34 Core/Src/main.o
 .debug_macro   0x000000000001f290       0x16 Core/Src/main.o
 .debug_macro   0x000000000001f2a6       0x35 Core/Src/main.o
 .debug_macro   0x000000000001f2db      0x333 Core/Src/main.o
 .debug_macro   0x000000000001f60e       0x10 Core/Src/main.o
 .debug_macro   0x000000000001f61e       0x16 Core/Src/main.o
 .debug_macro   0x000000000001f634       0x43 Core/Src/main.o
 .debug_macro   0x000000000001f677       0x34 Core/Src/main.o
 .debug_macro   0x000000000001f6ab       0x10 Core/Src/main.o
 .debug_macro   0x000000000001f6bb       0x58 Core/Src/main.o
 .debug_macro   0x000000000001f713       0x71 Core/Src/main.o
 .debug_macro   0x000000000001f784       0x1c Core/Src/main.o
 .debug_macro   0x000000000001f7a0      0x12a Core/Src/main.o
 .debug_macro   0x000000000001f8ca       0x10 Core/Src/main.o
 .debug_macro   0x000000000001f8da       0x1c Core/Src/main.o
 .debug_macro   0x000000000001f8f6       0x52 Core/Src/main.o
 .debug_macro   0x000000000001f948       0x22 Core/Src/main.o
 .debug_macro   0x000000000001f96a       0x10 Core/Src/main.o
 .debug_macro   0x000000000001f97a       0x40 Core/Src/main.o
 .debug_macro   0x000000000001f9ba       0xd5 Core/Src/main.o
 .debug_macro   0x000000000001fa8f       0x1c Core/Src/main.o
 .debug_macro   0x000000000001faab       0x3d Core/Src/main.o
 .debug_macro   0x000000000001fae8       0x16 Core/Src/main.o
 .debug_macro   0x000000000001fafe      0x145 Core/Src/main.o
 .debug_macro   0x000000000001fc43       0x16 Core/Src/main.o
 .debug_macro   0x000000000001fc59       0x20 Core/Src/main.o
 .debug_macro   0x000000000001fc79       0x16 Core/Src/main.o
 .debug_macro   0x000000000001fc8f       0x16 Core/Src/main.o
 .debug_macro   0x000000000001fca5       0x29 Core/Src/main.o
 .debug_macro   0x000000000001fcce      0x205 Core/Src/spi.o
 .debug_macro   0x000000000001fed3      0x1fb Core/Src/stm32f3xx_hal_msp.o
 .debug_macro   0x00000000000200ce      0x205 Core/Src/stm32f3xx_it.o
 .debug_macro   0x00000000000202d3      0x24c Core/Src/syscalls.o
 .debug_macro   0x000000000002051f       0x4c Core/Src/syscalls.o
 .debug_macro   0x000000000002056b       0x94 Core/Src/syscalls.o
 .debug_macro   0x00000000000205ff       0x57 Core/Src/syscalls.o
 .debug_macro   0x0000000000020656      0x339 Core/Src/syscalls.o
 .debug_macro   0x000000000002098f       0x10 Core/Src/syscalls.o
 .debug_macro   0x000000000002099f       0x10 Core/Src/syscalls.o
 .debug_macro   0x00000000000209af       0x10 Core/Src/syscalls.o
 .debug_macro   0x00000000000209bf       0x35 Core/Src/syscalls.o
 .debug_macro   0x00000000000209f4      0x12c Core/Src/syscalls.o
 .debug_macro   0x0000000000020b20       0x10 Core/Src/syscalls.o
 .debug_macro   0x0000000000020b30      0x241 Core/Src/syscalls.o
 .debug_macro   0x0000000000020d71       0x1c Core/Src/syscalls.o
 .debug_macro   0x0000000000020d8d       0x10 Core/Src/syscalls.o
 .debug_macro   0x0000000000020d9d      0x189 Core/Src/syscalls.o
 .debug_macro   0x0000000000020f26       0x16 Core/Src/syscalls.o
 .debug_macro   0x0000000000020f3c       0xce Core/Src/syscalls.o
 .debug_macro   0x000000000002100a       0xff Core/Src/sysmem.o
 .debug_macro   0x0000000000021109      0x23b Core/Src/sysmem.o
 .debug_macro   0x0000000000021344      0x1f1 Core/Src/system_stm32f3xx.o
 .debug_macro   0x0000000000021535      0x205 Core/Src/usart.o
 .debug_macro   0x000000000002173a      0x215 Drivers/STM32F3xx_HAL_Driver/Src/stm32f3xx_hal.o
 .debug_macro   0x000000000002194f      0x1f2 Drivers/STM32F3xx_HAL_Driver/Src/stm32f3xx_hal_adc.o
 .debug_macro   0x0000000000021b41      0x21b Drivers/STM32F3xx_HAL_Driver/Src/stm32f3xx_hal_adc_ex.o
 .debug_macro   0x0000000000021d5c      0x1f1 Drivers/STM32F3xx_HAL_Driver/Src/stm32f3xx_hal_cortex.o
 .debug_macro   0x0000000000021f4d      0x1f1 Drivers/STM32F3xx_HAL_Driver/Src/stm32f3xx_hal_dma.o
 .debug_macro   0x000000000002213e      0x229 Drivers/STM32F3xx_HAL_Driver/Src/stm32f3xx_hal_gpio.o
 .debug_macro   0x0000000000022367      0x215 Drivers/STM32F3xx_HAL_Driver/Src/stm32f3xx_hal_rcc.o
 .debug_macro   0x000000000002257c      0x1f1 Drivers/STM32F3xx_HAL_Driver/Src/stm32f3xx_hal_rcc_ex.o
 .debug_macro   0x000000000002276d      0x1f9 Drivers/STM32F3xx_HAL_Driver/Src/stm32f3xx_hal_spi.o
 .debug_macro   0x0000000000022966      0x20e Drivers/STM32F3xx_HAL_Driver/Src/stm32f3xx_hal_uart.o

.debug_line     0x0000000000000000    0x11d92
 .debug_line    0x0000000000000000      0xd68 Core/Src/adc.o
 .debug_line    0x0000000000000d68      0x725 Core/Src/dma.o
 .debug_line    0x000000000000148d      0x736 Core/Src/gpio.o
 .debug_line    0x0000000000001bc3     0x105a Core/Src/main.o
 .debug_line    0x0000000000002c1d      0x79b Core/Src/spi.o
 .debug_line    0x00000000000033b8      0x723 Core/Src/stm32f3xx_hal_msp.o
 .debug_line    0x0000000000003adb      0x845 Core/Src/stm32f3xx_it.o
 .debug_line    0x0000000000004320      0x802 Core/Src/syscalls.o
 .debug_line    0x0000000000004b22      0x4f8 Core/Src/sysmem.o
 .debug_line    0x000000000000501a      0x79e Core/Src/system_stm32f3xx.o
 .debug_line    0x00000000000057b8      0x7a4 Core/Src/usart.o
 .debug_line    0x0000000000005f5c       0x88 Core/Startup/startup_stm32f303zetx.o
 .debug_line    0x0000000000005fe4      0x9ce Drivers/STM32F3xx_HAL_Driver/Src/stm32f3xx_hal.o
 .debug_line    0x00000000000069b2      0x912 Drivers/STM32F3xx_HAL_Driver/Src/stm32f3xx_hal_adc.o
 .debug_line    0x00000000000072c4     0x274b Drivers/STM32F3xx_HAL_Driver/Src/stm32f3xx_hal_adc_ex.o
 .debug_line    0x0000000000009a0f      0xc93 Drivers/STM32F3xx_HAL_Driver/Src/stm32f3xx_hal_cortex.o
 .debug_line    0x000000000000a6a2      0xce0 Drivers/STM32F3xx_HAL_Driver/Src/stm32f3xx_hal_dma.o
 .debug_line    0x000000000000b382      0xb61 Drivers/STM32F3xx_HAL_Driver/Src/stm32f3xx_hal_gpio.o
 .debug_line    0x000000000000bee3     0x13bf Drivers/STM32F3xx_HAL_Driver/Src/stm32f3xx_hal_rcc.o
 .debug_line    0x000000000000d2a2      0xeea Drivers/STM32F3xx_HAL_Driver/Src/stm32f3xx_hal_rcc_ex.o
 .debug_line    0x000000000000e18c     0x1f36 Drivers/STM32F3xx_HAL_Driver/Src/stm32f3xx_hal_spi.o
 .debug_line    0x00000000000100c2     0x1cd0 Drivers/STM32F3xx_HAL_Driver/Src/stm32f3xx_hal_uart.o

.debug_str      0x0000000000000000    0xcd3cd
 .debug_str     0x0000000000000000    0xc462b Core/Src/adc.o
                                      0xc4dbe (size before relaxing)
 .debug_str     0x00000000000c462b      0x390 Core/Src/dma.o
                                      0xc4b70 (size before relaxing)
 .debug_str     0x00000000000c49bb       0x2c Core/Src/gpio.o
                                      0xc4757 (size before relaxing)
 .debug_str     0x00000000000c49e7     0x4aeb Core/Src/main.o
                                      0xc96d0 (size before relaxing)
 .debug_str     0x00000000000c94d2       0x4b Core/Src/spi.o
                                      0xc4b76 (size before relaxing)
 .debug_str     0x00000000000c951d       0x2c Core/Src/stm32f3xx_hal_msp.o
                                      0xc46d6 (size before relaxing)
 .debug_str     0x00000000000c9549      0x121 Core/Src/stm32f3xx_it.o
                                      0xc4970 (size before relaxing)
 .debug_str     0x00000000000c966a     0x1678 Core/Src/syscalls.o
                                       0x8ec8 (size before relaxing)
 .debug_str     0x00000000000cace2       0x6b Core/Src/sysmem.o
                                       0x6291 (size before relaxing)
 .debug_str     0x00000000000cad4d       0xb3 Core/Src/system_stm32f3xx.o
                                      0xc4756 (size before relaxing)
 .debug_str     0x00000000000cae00       0x57 Core/Src/usart.o
                                      0xc4ba3 (size before relaxing)
 .debug_str     0x00000000000cae57       0x36 Core/Startup/startup_stm32f303zetx.o
                                         0x62 (size before relaxing)
 .debug_str     0x00000000000cae8d      0x308 Drivers/STM32F3xx_HAL_Driver/Src/stm32f3xx_hal.o
                                      0xc4f5d (size before relaxing)
 .debug_str     0x00000000000cb195      0x1d8 Drivers/STM32F3xx_HAL_Driver/Src/stm32f3xx_hal_adc.o
                                      0xc4d81 (size before relaxing)
 .debug_str     0x00000000000cb36d      0x6bf Drivers/STM32F3xx_HAL_Driver/Src/stm32f3xx_hal_adc_ex.o
                                      0xc53ae (size before relaxing)
 .debug_str     0x00000000000cba2c      0x38c Drivers/STM32F3xx_HAL_Driver/Src/stm32f3xx_hal_cortex.o
                                      0xc506b (size before relaxing)
 .debug_str     0x00000000000cbdb8      0x248 Drivers/STM32F3xx_HAL_Driver/Src/stm32f3xx_hal_dma.o
                                      0xc4ad0 (size before relaxing)
 .debug_str     0x00000000000cc000      0x224 Drivers/STM32F3xx_HAL_Driver/Src/stm32f3xx_hal_gpio.o